<html>
<body>
<pre>
<h1>µVision Build Log</h1>
<h2>Project:</h2>
C:\Users\Trae\Documents\GitHub\lab9-zach-sisti-elgin-allen\Lab9.uvproj
Project File Date:  04/19/2017

<h2>Output:</h2>
Rebuild target 'Lab9'
assembling startup.s...
assembling LCD.s...
assembling Print.s...
compiling ADC.c...
ADC.c(15): warning:  #550-D: variable "delay" was set but never used
        unsigned long delay;
ADC.c: 1 warning, 0 errors
compiling ST7735.c...
compiling UART.c...
compiling Lab9.c...
compiling FiFo.c...
linking...
Program Size: Code=5240 RO-data=2292 RW-data=140 ZI-data=1244  
".\Lab9.axf" - 0 Error(s), 1 Warning(s).
Load "C:\\Users\\Trae\\Documents\\GitHub\\lab9-zach-sisti-elgin-allen\\Lab9.axf" 
Connecting: Mode=JTAG, Speed=1000000Hz
Connection failed!, error code=&d
Error: Flash Download failed  -  Target DLL has been cancelled
Load "C:\\Users\\Trae\\Documents\\GitHub\\lab9-zach-sisti-elgin-allen\\Lab9.axf" 
Connecting: Mode=JTAG, Speed=1000000Hz
Connection failed!, error code=&d
Error: Flash Download failed  -  Target DLL has been cancelled
Load "C:\\Users\\Trae\\Documents\\GitHub\\lab9-zach-sisti-elgin-allen\\Lab9.axf" 
Connecting: Mode=JTAG, Speed=1000000Hz
Erase Done.
Programming Done.
Verify OK.
