<html>
<body>
<pre>
<h1>µVision Build Log</h1>
<h2>Project:</h2>
C:\Users\Trae\Documents\GitHub\lab4-zach-sisti-elgin-allen\Lab4.uvproj
Project File Date:  02/27/2017

<h2>Output:</h2>
Rebuild target 'Lab4'
assembling Startup.s...
assembling SysTick.s...
assembling main.s...
linking...
Program Size: Code=2624 RO-data=240 RW-data=308 ZI-data=1084  
".\Lab4.axf" - 0 Error(s), 0 Warning(s).
</pre>
</body>
</html>
uments\\GitHub\\lab4-zach-sisti-elgin-allen\\Lab4.axf" 
Connecting: Mode=JTAG, Speed=1000000Hz
Erase Done.
Programming Done.
Verify OK.
Load "C:\\Users\\Trae\\Documents\\GitHub\\lab4-zach-sisti-elgin-allen\\Lab4.axf" 
Connecting: Mode=JTAG, Speed=1000000Hz
Erase Done.
Programming Done.
Verify OK.
Error: Target DLL has been cancelled. Debugger aborted !
