<html>
<body>
<pre>
<h1>µVision Build Log</h1>
<h2>Project:</h2>
C:\Users\Trae\Documents\GitHub\lab8-zach-sisti-elgin-allen\Lab8.uvproj
Project File Date:  04/13/2017

<h2>Output:</h2>
Rebuild target 'Lab8'
assembling startup.s...
assembling LCD.s...
assembling Print.s...
compiling ADC.c...
ADC.c(15): warning:  #550-D: variable "delay" was set but never used
        unsigned long delay;
ADC.c: 1 warning, 0 errors
compiling Lab8.c...
compiling ST7735.c...
compiling PLL.c...
linking...
Program Size: Code=3988 RO-data=2052 RW-data=60 ZI-data=1124  
".\Lab8.axf" - 0 Error(s), 1 Warning(s).
Load "C:\\Users\\Trae\\Documents\\GitHub\\lab8-zach-sisti-elgin-allen\\Lab8.axf" 
Connecting: Mode=JTAG, Speed=1000000Hz
Erase Done.
Programming Done.
Verify OK.
</pre>
</body>
</html>
