<html>
<body>
<pre>
<h1>µVision Build Log</h1>
<h2>Project:</h2>
C:\Users\Zach\Documents\UT Austin\EE319K\lab6-zach-sisti-elgin-allen-master\Lab6.uvproj
Project File Date:  03/23/2017

<h2>Output:</h2>
Rebuild target 'Lab6'
assembling startup.s...
compiling Sound.c...
compiling piano.c...
compiling dac.c...
compiling Lab6.c...
linking...
Program Size: Code=6244 RO-data=9592 RW-data=144 ZI-data=1816  
".\Lab6.axf" - 0 Error(s), 0 Warning(s).
Load "C:\\Users\\Zach\\Documents\\UT Austin\\EE319K\\lab6-zach-sisti-elgin-allen-master\\Lab6.axf" 
Connecting: Mode=JTAG, Speed=1000000Hz
Erase Done.
Programming Done.
Verify OK.
</pre>
</body>
</html>
uments\\UT Austin\\EE319K\\lab6-zach-sisti-elgin-allen-master\\Lab6.axf" 
Connecting: Mode=JTAG, Speed=1000000Hz
Erase Done.
Programming Done.
Verify OK.
