ARM Linker, 5.03 [Build 76] [MDK-ARM Professional]

==============================================================================

Section Cross References

    startup.o(STACK) refers (Special) to heapauxi.o(.text) for __use_two_region_memory
    startup.o(HEAP) refers (Special) to heapauxi.o(.text) for __use_two_region_memory
    startup.o(RESET) refers (Special) to heapauxi.o(.text) for __use_two_region_memory
    startup.o(RESET) refers to startup.o(STACK) for StackMem
    startup.o(RESET) refers to spaceinvaders.o(i.SysTick_Handler) for SysTick_Handler
    startup.o(RESET) refers to timer0.o(i.Timer0A_Handler) for Timer0A_Handler
    startup.o(RESET) refers to spaceinvaders.o(i.Timer1A_Handler) for Timer1A_Handler
    startup.o(RESET) refers to spaceinvaders.o(i.Timer3A_Handler) for Timer3A_Handler
    startup.o(RESET) refers to texas.o(.text) for Timer4A_Handler
    startup.o(RESET) refers to __main.o(!!!main) for __main
    startup.o(.text) refers (Special) to heapauxi.o(.text) for __use_two_region_memory
    startup.o(.text) refers to startup.o(HEAP) for HeapMem
    startup.o(.text) refers to startup.o(STACK) for StackMem
    random.o(.text) refers to random.o(DATA) for M
    timer0.o(i.Timer0A_Handler) refers to st7735.o(i.ST7735_DrawBitmap) for ST7735_DrawBitmap
    timer0.o(i.Timer0A_Handler) refers to random.o(.text) for Random32
    timer0.o(i.Timer0A_Handler) refers to images.o(.constdata) for greyBox
    timer0.o(i.Timer0A_Handler) refers to timer0.o(.data) for yCoordGlobal
    timer0.o(i.Timer0_Init) refers to random.o(.text) for Random32
    timer1.o(i.Clock_Change) refers to timer1.o(.data) for sec
    timer1.o(i.Timer1_Init) refers to timer1.o(.data) for min
    sound.o(i.Sound_Init) refers to dac.o(i.DAC_Init) for DAC_Init
    sound.o(i.Sound_Init) refers to dac.o(.data) for Index
    print.o(.text) refers (Special) to st7735.o(i.ST7735_OutString) for ST7735_OutString
    print.o(.text) refers to st7735.o(i.ST7735_OutChar) for ST7735_OutChar
    spaceinvaders.o(i.Dash) refers to spaceinvaders.o(i.Sound_Morse) for Sound_Morse
    spaceinvaders.o(i.Dot) refers to spaceinvaders.o(i.Sound_Morse) for Sound_Morse
    spaceinvaders.o(i.KeypadLevel1) refers to random.o(.text) for Random32
    spaceinvaders.o(i.KeypadLevel1) refers to st7735.o(i.ST7735_DrawBitmap) for ST7735_DrawBitmap
    spaceinvaders.o(i.KeypadLevel1) refers to spaceinvaders.o(.constdata) for .constdata
    spaceinvaders.o(i.KeypadLevel1) refers to images.o(.constdata) for Symbol4
    spaceinvaders.o(i.KeypadLevel1) refers to adc.o(i.ADC_In) for ADC_In
    spaceinvaders.o(i.KeypadLevel1) refers to startup.o(.text) for DisableInterrupts
    spaceinvaders.o(i.KeypadLevel1) refers to timer0.o(.data) for yCoordGlobal
    spaceinvaders.o(i.KeypadLevel1) refers to spaceinvaders.o(.data) for mistakes
    spaceinvaders.o(i.KeypadLevel1) refers to timer1.o(.data) for gameOver
    spaceinvaders.o(i.MemSet) refers to random.o(.text) for Random32
    spaceinvaders.o(i.MemSet) refers to st7735.o(i.ST7735_DrawBitmap) for ST7735_DrawBitmap
    spaceinvaders.o(i.MemSet) refers to spaceinvaders.o(.data) for memArray
    spaceinvaders.o(i.MemSet) refers to images.o(.constdata) for mem1
    spaceinvaders.o(i.MemStage) refers to adc.o(i.ADC_In) for ADC_In
    spaceinvaders.o(i.MemStage) refers to startup.o(.text) for DisableInterrupts
    spaceinvaders.o(i.MemStage) refers to st7735.o(i.ST7735_DrawBitmap) for ST7735_DrawBitmap
    spaceinvaders.o(i.MemStage) refers to timer0.o(.data) for yCoordGlobal
    spaceinvaders.o(i.MemStage) refers to images.o(.constdata) for Selector
    spaceinvaders.o(i.MemStage) refers to spaceinvaders.o(.data) for correctPos
    spaceinvaders.o(i.MemStage) refers to timer1.o(.data) for gameOver
    spaceinvaders.o(i.MemoryLevel1) refers to st7735.o(i.ST7735_DrawBitmap) for ST7735_DrawBitmap
    spaceinvaders.o(i.MemoryLevel1) refers to spaceinvaders.o(i.MemSet) for MemSet
    spaceinvaders.o(i.MemoryLevel1) refers to spaceinvaders.o(i.MemStage) for MemStage
    spaceinvaders.o(i.MemoryLevel1) refers to images.o(.constdata) for membackground
    spaceinvaders.o(i.MemoryLevel1) refers to spaceinvaders.o(.data) for bignum
    spaceinvaders.o(i.MorseCodeLevel1) refers to random.o(.text) for Random32
    spaceinvaders.o(i.MorseCodeLevel1) refers to st7735.o(i.ST7735_DrawBitmap) for ST7735_DrawBitmap
    spaceinvaders.o(i.MorseCodeLevel1) refers to spaceinvaders.o(i.PlayS) for PlayS
    spaceinvaders.o(i.MorseCodeLevel1) refers to st7735.o(i.Delay1ms) for Delay1ms
    spaceinvaders.o(i.MorseCodeLevel1) refers to spaceinvaders.o(i.PlayH) for PlayH
    spaceinvaders.o(i.MorseCodeLevel1) refers to spaceinvaders.o(i.PlayE) for PlayE
    spaceinvaders.o(i.MorseCodeLevel1) refers to spaceinvaders.o(i.PlayL) for PlayL
    spaceinvaders.o(i.MorseCodeLevel1) refers to spaceinvaders.o(i.PlayA) for PlayA
    spaceinvaders.o(i.MorseCodeLevel1) refers to spaceinvaders.o(i.PlayI) for PlayI
[...]
    st7735.o(i.ST7735_PlotClear) refers to st7735.o(i.ST7735_FillRect) for ST7735_FillRect
    st7735.o(i.ST7735_PlotClear) refers to st7735.o(.data) for Ymax
    st7735.o(i.ST7735_PlotLine) refers to st7735.o(i.ST7735_DrawPixel) for ST7735_DrawPixel
    st7735.o(i.ST7735_PlotLine) refers to st7735.o(.data) for Ymin
    st7735.o(i.ST7735_PlotNext) refers to st7735.o(.data) for X
    st7735.o(i.ST7735_PlotNextErase) refers to st7735.o(i.ST7735_Color565) for ST7735_Color565
    st7735.o(i.ST7735_PlotNextErase) refers to st7735.o(i.ST7735_DrawFastVLine) for ST7735_DrawFastVLine
    st7735.o(i.ST7735_PlotNextErase) refers to st7735.o(.data) for X
    st7735.o(i.ST7735_PlotPoint) refers to st7735.o(i.ST7735_DrawPixel) for ST7735_DrawPixel
    st7735.o(i.ST7735_PlotPoint) refers to st7735.o(.data) for Ymin
    st7735.o(i.ST7735_PlotPoints) refers to st7735.o(i.ST7735_DrawPixel) for ST7735_DrawPixel
    st7735.o(i.ST7735_PlotPoints) refers to st7735.o(.data) for Ymin
    st7735.o(i.ST7735_PlotdBfs) refers to st7735.o(i.ST7735_DrawFastVLine) for ST7735_DrawFastVLine
    st7735.o(i.ST7735_PlotdBfs) refers to st7735.o(.constdata) for dBfs
    st7735.o(i.ST7735_PlotdBfs) refers to st7735.o(.data) for X
    st7735.o(i.ST7735_SetCursor) refers to st7735.o(.data) for StX
    st7735.o(i.ST7735_SetRotation) refers to lcd.o(.text) for writecommand
    st7735.o(i.ST7735_SetRotation) refers to st7735.o(.data) for Rotation
    st7735.o(i.ST7735_SetTextColor) refers to st7735.o(.data) for StTextColor
    st7735.o(i.commandList) refers to lcd.o(.text) for writecommand
    st7735.o(i.commandList) refers to st7735.o(i.Delay1ms) for Delay1ms
    st7735.o(i.commonInit) refers to st7735.o(i.Delay1ms) for Delay1ms
    st7735.o(i.commonInit) refers to st7735.o(i.commandList) for commandList
    st7735.o(i.commonInit) refers to st7735.o(.data) for RowStart
    st7735.o(i.fillmessage) refers to st7735.o(.bss) for Message
    st7735.o(i.fillmessage) refers to st7735.o(.data) for Messageindex
    st7735.o(i.fputc) refers to st7735.o(i.ST7735_OutChar) for ST7735_OutChar
    st7735.o(i.pushColor) refers to lcd.o(.text) for writedata
    st7735.o(i.setAddrWindow) refers to lcd.o(.text) for writecommand
    st7735.o(i.setAddrWindow) refers to st7735.o(.data) for ColStart
    texas.o(.text) refers to texas.o(.bss) for TExaS
    texas.o(.text) refers to texas.o(.constdata) for IntroMsg
    texas.o(.text) refers to texas.o(.data) for LastMode
    __main.o(!!!main) refers to rtentry.o(.ARM.Collect$$rtentry$$00000000) for __rt_entry
    rtentry.o(.ARM.Collect$$rtentry$$00000000) refers (Special) to rtentry2.o(.ARM.Collect$$rtentry$$0000000A) for __rt_entry_li
    rtentry.o(.ARM.Collect$$rtentry$$00000000) refers (Special) to rtentry2.o(.ARM.Collect$$rtentry$$0000000D) for __rt_entry_main
    rtentry.o(.ARM.Collect$$rtentry$$00000000) refers (Special) to rtentry2.o(.ARM.Collect$$rtentry$$0000000C) for __rt_entry_postli_1
    rtentry.o(.ARM.Collect$$rtentry$$00000000) refers (Special) to rtentry2.o(.ARM.Collect$$rtentry$$00000009) for __rt_entry_postsh_1
    rtentry.o(.ARM.Collect$$rtentry$$00000000) refers (Special) to rtentry2.o(.ARM.Collect$$rtentry$$00000002) for __rt_entry_presh_1
    rtentry.o(.ARM.Collect$$rtentry$$00000000) refers (Special) to rtentry4.o(.ARM.Collect$$rtentry$$00000004) for __rt_entry_sh
    rtentry2.o(.ARM.Collect$$rtentry$$00000008) refers to boardinit2.o(.text) for _platform_post_stackheap_init
    rtentry2.o(.ARM.Collect$$rtentry$$0000000A) refers to libinit.o(.ARM.Collect$$libinit$$00000000) for __rt_lib_init
    rtentry2.o(.ARM.Collect$$rtentry$$0000000B) refers to boardinit3.o(.text) for _platform_post_lib_init
    rtentry2.o(.ARM.Collect$$rtentry$$0000000D) refers to spaceinvaders.o(i.main) for main
    rtentry2.o(.ARM.Collect$$rtentry$$0000000D) refers to exit.o(.text) for exit
    rtentry2.o(.ARM.exidx) refers to rtentry2.o(.ARM.Collect$$rtentry$$00000001) for .ARM.Collect$$rtentry$$00000001
    rtentry2.o(.ARM.exidx) refers to rtentry2.o(.ARM.Collect$$rtentry$$00000008) for .ARM.Collect$$rtentry$$00000008
    rtentry2.o(.ARM.exidx) refers to rtentry2.o(.ARM.Collect$$rtentry$$0000000A) for .ARM.Collect$$rtentry$$0000000A
    rtentry2.o(.ARM.exidx) refers to rtentry2.o(.ARM.Collect$$rtentry$$0000000B) for .ARM.Collect$$rtentry$$0000000B
    rtentry2.o(.ARM.exidx) refers to rtentry2.o(.ARM.Collect$$rtentry$$0000000D) for .ARM.Collect$$rtentry$$0000000D
    rtentry4.o(.ARM.Collect$$rtentry$$00000004) refers to sys_stackheap_outer.o(.text) for __user_setup_stackheap
    rtentry4.o(.ARM.exidx) refers to rtentry4.o(.ARM.Collect$$rtentry$$00000004) for .ARM.Collect$$rtentry$$00000004
    sys_stackheap_outer.o(.text) refers to libspace.o(.text) for __user_perproc_libspace
    sys_stackheap_outer.o(.text) refers to startup.o(.text) for __user_initial_stackheap
    exit.o(.text) refers to rtexit.o(.ARM.Collect$$rtexit$$00000000) for __rt_exit
    libinit.o(.ARM.Collect$$libinit$$00000000) refers (Special) to libinit2.o(.ARM.Collect$$libinit$$0000002C) for __rt_lib_init_alloca_1
    libinit.o(.ARM.Collect$$libinit$$00000000) refers (Special) to libinit2.o(.ARM.Collect$$libinit$$0000002A) for __rt_lib_init_argv_1
    libinit.o(.ARM.Collect$$libinit$$00000000) refers (Special) to libinit2.o(.ARM.Collect$$libinit$$00000019) for __rt_lib_init_atexit_1
    libinit.o(.ARM.Collect$$libinit$$00000000) refers (Special) to libinit2.o(.ARM.Collect$$libinit$$0000001F) for __rt_lib_init_clock_1
    libinit.o(.ARM.Collect$$libinit$$00000000) refers (Special) to libinit2.o(.ARM.Collect$$libinit$$00000030) for __rt_lib_init_cpp_1
    libinit.o(.ARM.Collect$$libinit$$00000000) refers (Special) to libinit2.o(.ARM.Collect$$libinit$$0000002E) for __rt_lib_init_exceptions_1
    libinit.o(.ARM.Collect$$libinit$$00000000) refers (Special) to libinit2.o(.ARM.Collect$$libinit$$00000002) for __rt_lib_init_fp_1
    libinit.o(.ARM.Collect$$libinit$$00000000) refers (Special) to libinit2.o(.ARM.Collect$$libinit$$0000001D) for __rt_lib_init_fp_trap_1
    libinit.o(.ARM.Collect$$libinit$$00000000) refers (Special) to libinit2.o(.ARM.Collect$$libinit$$00000021) for __rt_lib_init_getenv_1
    libinit.o(.ARM.Collect$$libinit$$00000000) refers (Special) to libinit2.o(.ARM.Collect$$libinit$$00000008) for __rt_lib_init_heap_1
    libinit.o(.ARM.Collect$$libinit$$00000000) refers (Special) to libinit2.o(.ARM.Collect$$libinit$$0000000F) for __rt_lib_init_lc_collate_1
    libinit.o(.ARM.Collect$$libinit$$00000000) refers (Special) to libinit2.o(.ARM.Collect$$libinit$$00000011) for __rt_lib_init_lc_ctype_1
    libinit.o(.ARM.Collect$$libinit$$00000000) refers (Special) to libinit2.o(.ARM.Collect$$libinit$$00000013) for __rt_lib_init_lc_monetary_1
    libinit.o(.ARM.Collect$$libinit$$00000000) refers (Special) to libinit2.o(.ARM.Collect$$libinit$$00000015) for __rt_lib_init_lc_numeric_1
    libinit.o(.ARM.Collect$$libinit$$00000000) refers (Special) to libinit2.o(.ARM.Collect$$libinit$$00000017) for __rt_lib_init_lc_time_1
    libinit.o(.ARM.Collect$$libinit$$00000000) refers (Special) to libinit2.o(.ARM.Collect$$libinit$$0000000C) for __rt_lib_init_rand_1
    libinit.o(.ARM.Collect$$libinit$$00000000) refers (Special) to libinit2.o(.ARM.Collect$$libinit$$00000031) for __rt_lib_init_return
    libinit.o(.ARM.Collect$$libinit$$00000000) refers (Special) to libinit2.o(.ARM.Collect$$libinit$$0000001B) for __rt_lib_init_signal_1
    libinit.o(.ARM.Collect$$libinit$$00000000) refers (Special) to libinit2.o(.ARM.Collect$$libinit$$00000023) for __rt_lib_init_stdio_1
    libinit.o(.ARM.Collect$$libinit$$00000000) refers (Special) to libinit2.o(.ARM.Collect$$libinit$$0000000A) for __rt_lib_init_user_alloc_1
    libspace.o(.text) refers to libspace.o(.bss) for __libspace_start
    rtexit.o(.ARM.Collect$$rtexit$$00000000) refers (Special) to rtexit2.o(.ARM.Collect$$rtexit$$00000004) for __rt_exit_exit
    rtexit.o(.ARM.Collect$$rtexit$$00000000) refers (Special) to rtexit2.o(.ARM.Collect$$rtexit$$00000003) for __rt_exit_ls
    rtexit.o(.ARM.Collect$$rtexit$$00000000) refers (Special) to rtexit2.o(.ARM.Collect$$rtexit$$00000002) for __rt_exit_prels_1
    rtexit.o(.ARM.exidx) refers (Special) to rtexit2.o(.ARM.Collect$$rtexit$$00000004) for __rt_exit_exit
    rtexit.o(.ARM.exidx) refers (Special) to rtexit2.o(.ARM.Collect$$rtexit$$00000003) for __rt_exit_ls
    rtexit.o(.ARM.exidx) refers (Special) to rtexit2.o(.ARM.Collect$$rtexit$$00000002) for __rt_exit_prels_1
    rtexit.o(.ARM.exidx) refers to rtexit.o(.ARM.Collect$$rtexit$$00000000) for .ARM.Collect$$rtexit$$00000000
    libinit2.o(.ARM.Collect$$libinit$$0000000E) refers to libinit2.o(.ARM.Collect$$libinit$$0000000D) for .ARM.Collect$$libinit$$0000000D
    libinit2.o(.ARM.Collect$$libinit$$00000010) refers to libinit2.o(.ARM.Collect$$libinit$$0000000D) for .ARM.Collect$$libinit$$0000000D
    libinit2.o(.ARM.Collect$$libinit$$00000012) refers to libinit2.o(.ARM.Collect$$libinit$$0000000D) for .ARM.Collect$$libinit$$0000000D
    libinit2.o(.ARM.Collect$$libinit$$00000014) refers to libinit2.o(.ARM.Collect$$libinit$$0000000D) for .ARM.Collect$$libinit$$0000000D
    libinit2.o(.ARM.Collect$$libinit$$00000016) refers to libinit2.o(.ARM.Collect$$libinit$$0000000D) for .ARM.Collect$$libinit$$0000000D
    libinit2.o(.ARM.Collect$$libinit$$00000024) refers to argv_veneer.o(.emb_text) for __ARM_argv_veneer
    libinit2.o(.ARM.Collect$$libinit$$00000025) refers to argv_veneer.o(.emb_text) for __ARM_argv_veneer
    rtexit2.o(.ARM.Collect$$rtexit$$00000003) refers to libshutdown.o(.ARM.Collect$$libshutdown$$00000000) for __rt_lib_shutdown
    rtexit2.o(.ARM.Collect$$rtexit$$00000004) refers to sys_exit.o(.text) for _sys_exit
    rtexit2.o(.ARM.exidx) refers to rtexit2.o(.ARM.Collect$$rtexit$$00000001) for .ARM.Collect$$rtexit$$00000001
    rtexit2.o(.ARM.exidx) refers to rtexit2.o(.ARM.Collect$$rtexit$$00000003) for .ARM.Collect$$rtexit$$00000003
    rtexit2.o(.ARM.exidx) refers to rtexit2.o(.ARM.Collect$$rtexit$$00000004) for .ARM.Collect$$rtexit$$00000004
    argv_veneer.o(.emb_text) refers to no_argv.o(.text) for __ARM_get_argv
    sys_exit.o(.text) refers (Special) to use_no_semi.o(.text) for __I$use$semihosting
    sys_exit.o(.text) refers (Special) to indicate_semi.o(.text) for __semihosting_library_function
    _get_argv_nomalloc.o(.text) refers (Special) to hrguard.o(.text) for __heap_region$guard
    _get_argv_nomalloc.o(.text) refers to defsig_rtmem_outer.o(.text) for __rt_SIGRTMEM
    _get_argv_nomalloc.o(.text) refers to sys_command.o(.text) for _sys_command_string
    libshutdown.o(.ARM.Collect$$libshutdown$$00000000) refers (Special) to libshutdown2.o(.ARM.Collect$$libshutdown$$00000006) for __rt_lib_shutdown_fp_trap_1
    libshutdown.o(.ARM.Collect$$libshutdown$$00000000) refers (Special) to libshutdown2.o(.ARM.Collect$$libshutdown$$0000000E) for __rt_lib_shutdown_heap_1
    libshutdown.o(.ARM.Collect$$libshutdown$$00000000) refers (Special) to libshutdown2.o(.ARM.Collect$$libshutdown$$0000000F) for __rt_lib_shutdown_return
    libshutdown.o(.ARM.Collect$$libshutdown$$00000000) refers (Special) to libshutdown2.o(.ARM.Collect$$libshutdown$$00000009) for __rt_lib_shutdown_signal_1
    libshutdown.o(.ARM.Collect$$libshutdown$$00000000) refers (Special) to libshutdown2.o(.ARM.Collect$$libshutdown$$00000003) for __rt_lib_shutdown_stdio_1
    libshutdown.o(.ARM.Collect$$libshutdown$$00000000) refers (Special) to libshutdown2.o(.ARM.Collect$$libshutdown$$0000000B) for __rt_lib_shutdown_user_alloc_1
    sys_command.o(.text) refers (Special) to use_no_semi.o(.text) for __I$use$semihosting
    sys_command.o(.text) refers (Special) to indicate_semi.o(.text) for __semihosting_library_function
    defsig_rtmem_outer.o(.text) refers to defsig_rtmem_inner.o(.text) for __rt_SIGRTMEM_inner
    defsig_rtmem_outer.o(.text) refers to defsig_exit.o(.text) for __sig_exit
    defsig_rtmem_formal.o(.text) refers to rt_raise.o(.text) for __rt_raise
    rt_raise.o(.text) refers to __raise.o(.text) for __raise
    rt_raise.o(.text) refers to sys_exit.o(.text) for _sys_exit
    defsig_exit.o(.text) refers to sys_exit.o(.text) for _sys_exit
    defsig_rtmem_inner.o(.text) refers to defsig_general.o(.text) for __default_signal_display
    __raise.o(.text) refers to defsig.o(CL$$defsig) for __default_signal_handler
    defsig_general.o(.text) refers to sys_wrch.o(.text) for _ttywrch
    sys_wrch.o(.text) refers (Special) to use_no_semi.o(.text) for __I$use$semihosting
    sys_wrch.o(.text) refers (Special) to indicate_semi.o(.text) for __semihosting_library_function
    defsig.o(CL$$defsig) refers to defsig_rtmem_inner.o(.text) for __rt_SIGRTMEM_inner
    defsig_abrt_inner.o(.text) refers to defsig_general.o(.text) for __default_signal_display
    defsig_fpe_inner.o(.text) refers to defsig_general.o(.text) for __default_signal_display
    defsig_rtred_inner.o(.text) refers to defsig_general.o(.text) for __default_signal_display
    defsig_stak_inner.o(.text) refers to defsig_general.o(.text) for __default_signal_display
    defsig_pvfn_inner.o(.text) refers to defsig_general.o(.text) for __default_signal_display
    defsig_cppl_inner.o(.text) refers to defsig_general.o(.text) for __default_signal_display
    defsig_segv_inner.o(.text) refers to defsig_general.o(.text) for __default_signal_display
    defsig_other.o(.text) refers to defsig_general.o(.text) for __default_signal_display


==============================================================================

Removing Unused input sections from the image.

    Removing adc.o(i.Convert), (22 bytes).
    Removing sound.o(i.Sound_Explosion), (2 bytes).
    Removing sound.o(i.Sound_Fastinvader1), (2 bytes).
    Removing sound.o(i.Sound_Fastinvader2), (2 bytes).
    Removing sound.o(i.Sound_Fastinvader3), (2 bytes).
    Removing sound.o(i.Sound_Fastinvader4), (2 bytes).
    Removing sound.o(i.Sound_Highpitch), (2 bytes).
    Removing sound.o(i.Sound_Killed), (2 bytes).
    Removing sound.o(i.Sound_Play), (2 bytes).
    Removing sound.o(.constdata), (11259 bytes).
    Removing st7735.o(i.Output_Clear), (10 bytes).
    Removing st7735.o(i.Output_Color), (12 bytes).
    Removing st7735.o(i.Output_Off), (8 bytes).
    Removing st7735.o(i.Output_On), (8 bytes).
    Removing st7735.o(i.ST7735_Color565), (24 bytes).
    Removing st7735.o(i.ST7735_DrawChar), (268 bytes).
    Removing st7735.o(i.ST7735_DrawFastHLine), (124 bytes).
    Removing st7735.o(i.ST7735_DrawFastVLine), (124 bytes).
    Removing st7735.o(i.ST7735_InitB), (40 bytes).
    Removing st7735.o(i.ST7735_InvertDisplay), (22 bytes).
    Removing st7735.o(i.ST7735_OutUDec), (140 bytes).
    Removing st7735.o(i.ST7735_PlotBar), (88 bytes).
    Removing st7735.o(i.ST7735_PlotClear), (92 bytes).
    Removing st7735.o(i.ST7735_PlotLine), (264 bytes).
    Removing st7735.o(i.ST7735_PlotNext), (32 bytes).
    Removing st7735.o(i.ST7735_PlotNextErase), (64 bytes).
    Removing st7735.o(i.ST7735_PlotPoint), (152 bytes).
    Removing st7735.o(i.ST7735_PlotPoints), (172 bytes).
    Removing st7735.o(i.ST7735_PlotdBfs), (60 bytes).
    Removing st7735.o(i.ST7735_SetRotation), (212 bytes).
    Removing st7735.o(i.ST7735_SetTextColor), (12 bytes).
    Removing st7735.o(i.ST7735_SwapColor), (18 bytes).
    Removing st7735.o(i.ferror), (8 bytes).
    Removing st7735.o(i.fgetc), (6 bytes).
    Removing st7735.o(i.fillmessage), (72 bytes).
    Removing st7735.o(i.fputc), (16 bytes).
    Removing st7735.o(.bss), (12 bytes).

37 unused section(s) (total 13357 bytes) removed from the image.

==============================================================================

Image Symbol Table

    Local Symbols

    Symbol Name                              Value     Ov Type        Size  Object(Section)

    RESET                                    0x00000000   Section      644  startup.o(RESET)
    ../clib/angel/boardlib.s                 0x00000000   Number         0  boardinit1.o ABSOLUTE
    ../clib/angel/boardlib.s                 0x00000000   Number         0  boardshut.o ABSOLUTE
    ../clib/angel/boardlib.s                 0x00000000   Number         0  boardinit3.o ABSOLUTE
    ../clib/angel/boardlib.s                 0x00000000   Number         0  boardinit2.o ABSOLUTE
    ../clib/angel/handlers.s                 0x00000000   Number         0  __scatter_zi.o ABSOLUTE
    ../clib/angel/handlers.s                 0x00000000   Number         0  __scatter_copy.o ABSOLUTE
    ../clib/angel/kernel.s                   0x00000000   Number         0  rtentry4.o ABSOLUTE
    ../clib/angel/kernel.s                   0x00000000   Number         0  rtentry2.o ABSOLUTE
    ../clib/angel/kernel.s                   0x00000000   Number         0  rtentry.o ABSOLUTE
    ../clib/angel/kernel.s                   0x00000000   Number         0  rtexit.o ABSOLUTE
    ../clib/angel/kernel.s                   0x00000000   Number         0  rtexit2.o ABSOLUTE
    ../clib/angel/rt.s                       0x00000000   Number         0  rt_raise.o ABSOLUTE
    ../clib/angel/scatter.s                  0x00000000   Number         0  __scatter.o ABSOLUTE
    ../clib/angel/startup.s                  0x00000000   Number         0  __main.o ABSOLUTE
    ../clib/angel/sys.s                      0x00000000   Number         0  libspace.o ABSOLUTE
    ../clib/angel/sys.s                      0x00000000   Number         0  use_no_semi.o ABSOLUTE
    ../clib/angel/sys.s                      0x00000000   Number         0  sys_stackheap_outer.o ABSOLUTE
    ../clib/angel/sys.s                      0x00000000   Number         0  indicate_semi.o ABSOLUTE
    ../clib/angel/sysapp.c                   0x00000000   Number         0  sys_command.o ABSOLUTE
    ../clib/angel/sysapp.c                   0x00000000   Number         0  sys_exit.o ABSOLUTE
    ../clib/angel/sysapp.c                   0x00000000   Number         0  sys_wrch.o ABSOLUTE
    ../clib/armsys.c                         0x00000000   Number         0  _get_argv_nomalloc.o ABSOLUTE
    ../clib/armsys.c                         0x00000000   Number         0  no_argv.o ABSOLUTE
    ../clib/armsys.c                         0x00000000   Number         0  argv_veneer.o ABSOLUTE
    ../clib/armsys.c                         0x00000000   Number         0  argv_veneer.o ABSOLUTE
    ../clib/heapalloc.c                      0x00000000   Number         0  hrguard.o ABSOLUTE
    ../clib/heapaux.c                        0x00000000   Number         0  heapauxi.o ABSOLUTE
    ../clib/libinit.s                        0x00000000   Number         0  libinit.o ABSOLUTE
    ../clib/libinit.s                        0x00000000   Number         0  libinit2.o ABSOLUTE
    ../clib/libinit.s                        0x00000000   Number         0  libshutdown2.o ABSOLUTE
    ../clib/libinit.s                        0x00000000   Number         0  libshutdown.o ABSOLUTE
    ../clib/signal.c                         0x00000000   Number         0  defsig_rtmem_formal.o ABSOLUTE
    ../clib/signal.c                         0x00000000   Number         0  defsig_exit.o ABSOLUTE
    ../clib/signal.c                         0x00000000   Number         0  defsig_rtmem_outer.o ABSOLUTE
    ../clib/signal.c                         0x00000000   Number         0  defsig_rtmem_inner.o ABSOLUTE
    ../clib/signal.c                         0x00000000   Number         0  __raise.o ABSOLUTE
    ../clib/signal.c                         0x00000000   Number         0  defsig_general.o ABSOLUTE
    ../clib/signal.c                         0x00000000   Number         0  defsig_other.o ABSOLUTE
    ../clib/signal.c                         0x00000000   Number         0  defsig_segv_inner.o ABSOLUTE
    ../clib/signal.c                         0x00000000   Number         0  defsig_cppl_inner.o ABSOLUTE
    ../clib/signal.c                         0x00000000   Number         0  defsig_pvfn_inner.o ABSOLUTE
    ../clib/signal.c                         0x00000000   Number         0  defsig_rtred_inner.o ABSOLUTE
    ../clib/signal.c                         0x00000000   Number         0  defsig_fpe_inner.o ABSOLUTE
    ../clib/signal.c                         0x00000000   Number         0  defsig_abrt_inner.o ABSOLUTE
    ../clib/signal.c                         0x00000000   Number         0  defsig_stak_inner.o ABSOLUTE
    ../clib/signal.s                         0x00000000   Number         0  defsig.o ABSOLUTE
    ../clib/stdlib.c                         0x00000000   Number         0  exit.o ABSOLUTE
    ../fplib/fpinit.s                        0x00000000   Number         0  fpinit.o ABSOLUTE
    ADC.c                                    0x00000000   Number         0  adc.o ABSOLUTE
    DAC.c                                    0x00000000   Number         0  dac.o ABSOLUTE
    Images.c                                 0x00000000   Number         0  images.o ABSOLUTE
    LCD.s                                    0x00000000   Number         0  lcd.o ABSOLUTE
    Morse.c                                  0x00000000   Number         0  morse.o ABSOLUTE
    Print.s                                  0x00000000   Number         0  print.o ABSOLUTE
    ST7735.c                                 0x00000000   Number         0  st7735.o ABSOLUTE
    Sound.c                                  0x00000000   Number         0  sound.o ABSOLUTE
    SpaceInvaders.c                          0x00000000   Number         0  spaceinvaders.o ABSOLUTE
    TExaS.c                                  0x00000000   Number         0  texas.o ABSOLUTE
    Timer0.c                                 0x00000000   Number         0  timer0.o ABSOLUTE
    Timer1.c                                 0x00000000   Number         0  timer1.o ABSOLUTE
    Timer3.c                                 0x00000000   Number         0  timer3.o ABSOLUTE
    dc.s                                     0x00000000   Number         0  dc.o ABSOLUTE
    random.s                                 0x00000000   Number         0  random.o ABSOLUTE
    startup.s                                0x00000000   Number         0  startup.o ABSOLUTE
    !!!main                                  0x00000284   Section        8  __main.o(!!!main)
    !!!scatter                               0x0000028c   Section       52  __scatter.o(!!!scatter)
    !!handler_copy                           0x000002c0   Section       26  __scatter_copy.o(!!handler_copy)
    !!handler_zi                             0x000002dc   Section       28  __scatter_zi.o(!!handler_zi)
    .ARM.Collect$$libinit$$00000000          0x000002f8   Section        2  libinit.o(.ARM.Collect$$libinit$$00000000)
    .ARM.Collect$$libinit$$00000002          0x000002fa   Section        0  libinit2.o(.ARM.Collect$$libinit$$00000002)
    .ARM.Collect$$libinit$$00000008          0x000002fa   Section        0  libinit2.o(.ARM.Collect$$libinit$$00000008)
    .ARM.Collect$$libinit$$0000000A          0x000002fa   Section        0  libinit2.o(.ARM.Collect$$libinit$$0000000A)
    .ARM.Collect$$libinit$$0000000C          0x000002fa   Section        0  libinit2.o(.ARM.Collect$$libinit$$0000000C)
    .ARM.Collect$$libinit$$0000000F          0x000002fa   Section        0  libinit2.o(.ARM.Collect$$libinit$$0000000F)
    .ARM.Collect$$libinit$$00000011          0x000002fa   Section        0  libinit2.o(.ARM.Collect$$libinit$$00000011)
    .ARM.Collect$$libinit$$00000013          0x000002fa   Section        0  libinit2.o(.ARM.Collect$$libinit$$00000013)
    .ARM.Collect$$libinit$$00000015          0x000002fa   Section        0  libinit2.o(.ARM.Collect$$libinit$$00000015)
    .ARM.Collect$$libinit$$00000017          0x000002fa   Section        0  libinit2.o(.ARM.Collect$$libinit$$00000017)
    .ARM.Collect$$libinit$$00000019          0x000002fa   Section        0  libinit2.o(.ARM.Collect$$libinit$$00000019)
    .ARM.Collect$$libinit$$0000001B          0x000002fa   Section        0  libinit2.o(.ARM.Collect$$libinit$$0000001B)
    .ARM.Collect$$libinit$$0000001D          0x000002fa   Section        0  libinit2.o(.ARM.Collect$$libinit$$0000001D)
    .ARM.Collect$$libinit$$0000001F          0x000002fa   Section        0  libinit2.o(.ARM.Collect$$libinit$$0000001F)
    .ARM.Collect$$libinit$$00000021          0x000002fa   Section        0  libinit2.o(.ARM.Collect$$libinit$$00000021)
    .ARM.Collect$$libinit$$00000023          0x000002fa   Section        0  libinit2.o(.ARM.Collect$$libinit$$00000023)
    .ARM.Collect$$libinit$$0000002A          0x000002fa   Section        0  libinit2.o(.ARM.Collect$$libinit$$0000002A)
    .ARM.Collect$$libinit$$0000002C          0x000002fa   Section        0  libinit2.o(.ARM.Collect$$libinit$$0000002C)
    .ARM.Collect$$libinit$$0000002E          0x000002fa   Section        0  libinit2.o(.ARM.Collect$$libinit$$0000002E)
    .ARM.Collect$$libinit$$00000030          0x000002fa   Section        0  libinit2.o(.ARM.Collect$$libinit$$00000030)
    .ARM.Collect$$libinit$$00000031          0x000002fa   Section        2  libinit2.o(.ARM.Collect$$libinit$$00000031)
    .ARM.Collect$$libshutdown$$00000000      0x000002fc   Section        2  libshutdown.o(.ARM.Collect$$libshutdown$$00000000)
    .ARM.Collect$$libshutdown$$00000003      0x000002fe   Section        0  libshutdown2.o(.ARM.Collect$$libshutdown$$00000003)
    .ARM.Collect$$libshutdown$$00000006      0x000002fe   Section        0  libshutdown2.o(.ARM.Collect$$libshutdown$$00000006)
    .ARM.Collect$$libshutdown$$00000009      0x000002fe   Section        0  libshutdown2.o(.ARM.Collect$$libshutdown$$00000009)
    .ARM.Collect$$libshutdown$$0000000B      0x000002fe   Section        0  libshutdown2.o(.ARM.Collect$$libshutdown$$0000000B)
    .ARM.Collect$$libshutdown$$0000000E      0x000002fe   Section        0  libshutdown2.o(.ARM.Collect$$libshutdown$$0000000E)
    .ARM.Collect$$libshutdown$$0000000F      0x000002fe   Section        2  libshutdown2.o(.ARM.Collect$$libshutdown$$0000000F)
    .ARM.Collect$$rtentry$$00000000          0x00000300   Section        0  rtentry.o(.ARM.Collect$$rtentry$$00000000)
    .ARM.Collect$$rtentry$$00000002          0x00000300   Section        0  rtentry2.o(.ARM.Collect$$rtentry$$00000002)
    .ARM.Collect$$rtentry$$00000004          0x00000300   Section        6  rtentry4.o(.ARM.Collect$$rtentry$$00000004)
    .ARM.Collect$$rtentry$$00000009          0x00000306   Section        0  rtentry2.o(.ARM.Collect$$rtentry$$00000009)
    .ARM.Collect$$rtentry$$0000000A          0x00000306   Section        4  rtentry2.o(.ARM.Collect$$rtentry$$0000000A)
    .ARM.Collect$$rtentry$$0000000C          0x0000030a   Section        0  rtentry2.o(.ARM.Collect$$rtentry$$0000000C)
    .ARM.Collect$$rtentry$$0000000D          0x0000030a   Section        8  rtentry2.o(.ARM.Collect$$rtentry$$0000000D)
    .ARM.Collect$$rtexit$$00000000           0x00000312   Section        2  rtexit.o(.ARM.Collect$$rtexit$$00000000)
    .ARM.Collect$$rtexit$$00000002           0x00000314   Section        0  rtexit2.o(.ARM.Collect$$rtexit$$00000002)
    .ARM.Collect$$rtexit$$00000003           0x00000314   Section        4  rtexit2.o(.ARM.Collect$$rtexit$$00000003)
    .ARM.Collect$$rtexit$$00000004           0x00000318   Section        6  rtexit2.o(.ARM.Collect$$rtexit$$00000004)
    .text                                    0x00000320   Section       48  startup.o(.text)
    .text                                    0x00000350   Section       60  random.o(.text)
    .text                                    0x0000038c   Section       88  lcd.o(.text)
    .text                                    0x000003e4   Section      564  print.o(.text)
    .text                                    0x00000618   Section        0  texas.o(.text)
    .text                                    0x00000ab8   Section        0  heapauxi.o(.text)
    .text                                    0x00000abe   Section       74  sys_stackheap_outer.o(.text)
    .text                                    0x00000b08   Section        0  exit.o(.text)
    .text                                    0x00000b14   Section        8  libspace.o(.text)
    .text                                    0x00000b1c   Section        0  sys_exit.o(.text)
    .text                                    0x00000b28   Section        2  use_no_semi.o(.text)
    .text                                    0x00000b2a   Section        0  indicate_semi.o(.text)
    i.ADC_In                                 0x00000b2c   Section        0  adc.o(i.ADC_In)
    i.ADC_Init                               0x00000b58   Section        0  adc.o(i.ADC_Init)
    i.Clock_Change                           0x00000c5c   Section        0  timer1.o(i.Clock_Change)
    i.DAC_Init                               0x00000cbc   Section        0  dac.o(i.DAC_Init)
    i.DAC_Out                                0x00000d24   Section        0  dac.o(i.DAC_Out)
    i.Dash                                   0x00000d30   Section        0  spaceinvaders.o(i.Dash)
    i.Delay1ms                               0x00000d50   Section        0  st7735.o(i.Delay1ms)
    i.Dot                                    0x00000d70   Section        0  spaceinvaders.o(i.Dot)
    i.KeypadLevel1                           0x00000d90   Section        0  spaceinvaders.o(i.KeypadLevel1)
    i.MemSet                                 0x000017b0   Section        0  spaceinvaders.o(i.MemSet)
    i.MemStage                               0x00001914   Section        0  spaceinvaders.o(i.MemStage)
    i.MemoryLevel1                           0x00001a0c   Section        0  spaceinvaders.o(i.MemoryLevel1)
    i.MorseCodeLevel1                        0x00001c4c   Section        0  spaceinvaders.o(i.MorseCodeLevel1)
    i.Output_Clock                           0x000021a4   Section        0  spaceinvaders.o(i.Output_Clock)
    i.Output_Init                            0x000024f0   Section        0  st7735.o(i.Output_Init)
    i.PlayA                                  0x00002500   Section        0  spaceinvaders.o(i.PlayA)
    i.PlayB                                  0x00002514   Section        0  spaceinvaders.o(i.PlayB)
    i.PlayC                                  0x00002548   Section        0  spaceinvaders.o(i.PlayC)
    i.PlayE                                  0x0000257c   Section        0  spaceinvaders.o(i.PlayE)
    i.PlayF                                  0x0000258c   Section        0  spaceinvaders.o(i.PlayF)
    i.PlayH                                  0x000025c0   Section        0  spaceinvaders.o(i.PlayH)
    i.PlayI                                  0x000025f4   Section        0  spaceinvaders.o(i.PlayI)
    i.PlayK                                  0x00002610   Section        0  spaceinvaders.o(i.PlayK)
    i.PlayL                                  0x00002638   Section        0  spaceinvaders.o(i.PlayL)
    i.PlayM                                  0x0000266c   Section        0  spaceinvaders.o(i.PlayM)
    i.PlayO                                  0x00002688   Section        0  spaceinvaders.o(i.PlayO)
    i.PlayR                                  0x000026b0   Section        0  spaceinvaders.o(i.PlayR)
    i.PlayS                                  0x000026d8   Section        0  spaceinvaders.o(i.PlayS)
    i.PlayT                                  0x00002700   Section        0  spaceinvaders.o(i.PlayT)
    i.PlayV                                  0x00002710   Section        0  spaceinvaders.o(i.PlayV)
    i.PlayX                                  0x00002744   Section        0  spaceinvaders.o(i.PlayX)
    i.ST7735_DrawBitmap                      0x00002778   Section        0  st7735.o(i.ST7735_DrawBitmap)
    i.ST7735_DrawCharS                       0x00002898   Section        0  st7735.o(i.ST7735_DrawCharS)
    i.ST7735_DrawPixel                       0x0000298c   Section        0  st7735.o(i.ST7735_DrawPixel)
    i.ST7735_DrawString                      0x000029d4   Section        0  st7735.o(i.ST7735_DrawString)
    i.ST7735_FillRect                        0x00002a2c   Section        0  st7735.o(i.ST7735_FillRect)
    i.ST7735_FillScreen                      0x00002ad8   Section        0  st7735.o(i.ST7735_FillScreen)
    i.ST7735_InitR                           0x00002afc   Section        0  st7735.o(i.ST7735_InitR)
    i.ST7735_OutChar                         0x00002b78   Section        0  st7735.o(i.ST7735_OutChar)
    i.ST7735_OutString                       0x00002c4c   Section        0  st7735.o(i.ST7735_OutString)
    i.ST7735_SetCursor                       0x00002c64   Section        0  st7735.o(i.ST7735_SetCursor)
    i.Sound_Init                             0x00002c84   Section        0  sound.o(i.Sound_Init)
    i.Sound_Morse                            0x00002cbc   Section        0  spaceinvaders.o(i.Sound_Morse)
    i.SysTick_Handler                        0x00002cc8   Section        0  spaceinvaders.o(i.SysTick_Handler)
    i.SysTick_Init                           0x00002cf8   Section        0  spaceinvaders.o(i.SysTick_Init)
    i.Timer0A_Handler                        0x00002d2c   Section        0  timer0.o(i.Timer0A_Handler)
    i.Timer0_Init                            0x00002e08   Section        0  timer0.o(i.Timer0_Init)
    i.Timer1A_Handler                        0x00002eec   Section        0  spaceinvaders.o(i.Timer1A_Handler)
    i.Timer1_Init                            0x00002f40   Section        0  timer1.o(i.Timer1_Init)
    i.Timer3A_Handler                        0x00002fb8   Section        0  spaceinvaders.o(i.Timer3A_Handler)
    i.Timer3_Init                            0x000030f4   Section        0  timer3.o(i.Timer3_Init)
    i.WiresLevel1                            0x00003150   Section        0  spaceinvaders.o(i.WiresLevel1)
    i.commandList                            0x00003af8   Section        0  st7735.o(i.commandList)
    commandList                              0x00003af9   Thumb Code    86  st7735.o(i.commandList)
    i.commonInit                             0x00003b50   Section        0  st7735.o(i.commonInit)
    commonInit                               0x00003b51   Thumb Code   340  st7735.o(i.commonInit)
    i.main                                   0x00003cd4   Section        0  spaceinvaders.o(i.main)
    i.pushColor                              0x00003ef8   Section        0  st7735.o(i.pushColor)
    pushColor                                0x00003ef9   Thumb Code    18  st7735.o(i.pushColor)
    i.setAddrWindow                          0x00003f0c   Section        0  st7735.o(i.setAddrWindow)
    setAddrWindow                            0x00003f0d   Thumb Code   106  st7735.o(i.setAddrWindow)
    .constdata                               0x00003f80   Section       72  spaceinvaders.o(.constdata)
    .constdata                               0x00003fc8   Section     2018  st7735.o(.constdata)
    Font                                     0x00003fc8   Data        1275  st7735.o(.constdata)
    Bcmd                                     0x000044c3   Data         103  st7735.o(.constdata)
    Rcmd1                                    0x0000452a   Data          59  st7735.o(.constdata)
    Rcmd2green                               0x00004565   Data          13  st7735.o(.constdata)
    Rcmd2red                                 0x00004572   Data          13  st7735.o(.constdata)
    Rcmd3                                    0x0000457f   Data          43  st7735.o(.constdata)
    .constdata                               0x000047aa   Section    214602  images.o(.constdata)
    .constdata                               0x00038df4   Section      240  texas.o(.constdata)
    .data                                    0x20000000   Section       65  dac.o(.data)
    .data                                    0x20000041   Section        2  timer0.o(.data)
    .data                                    0x20000043   Section        4  timer1.o(.data)
    .data                                    0x20000048   Section       35  spaceinvaders.o(.data)
    .data                                    0x2000006c   Section       44  st7735.o(.data)
    _width                                   0x20000076   Data           2  st7735.o(.data)
    _height                                  0x20000078   Data           2  st7735.o(.data)
    ColStart                                 0x20000080   Data           1  st7735.o(.data)
    RowStart                                 0x20000081   Data           1  st7735.o(.data)
    Rotation                                 0x20000082   Data           1  st7735.o(.data)
    TabColor                                 0x20000083   Data           1  st7735.o(.data)
    .data                                    0x20000098   Section       48  texas.o(.data)
    DATA                                     0x200000c8   Section        4  random.o(DATA)
    M                                        0x200000c8   Data           4  random.o(DATA)
    .bss                                     0x200000d0   Section       56  texas.o(.bss)
    .bss                                     0x20000108   Section       96  libspace.o(.bss)
    HEAP                                     0x20000168   Section        0  startup.o(HEAP)
    STACK                                    0x20000168   Section     1024  startup.o(STACK)
    HeapMem                                  0x20000168   Data           0  startup.o(HEAP)
    StackMem                                 0x20000168   Data           0  startup.o(STACK)

    Global Symbols

    Symbol Name                              Value     Ov Type        Size  Object(Section)

    BuildAttributes$$THM_ISAv4$E$P$D$K$B$S$7EM$PE$A:L22UL41UL21$X:L11$S22US41US21$IEEE1$IW$USESV6$~STKCKD$USESV7$~SHL$OSPACE$ROPI$EBA8$UX$STANDARDLIB$REQ8$PRES8$EABIv2 0x00000000   Number         0  anon$$obj.o ABSOLUTE
    __ARM_use_no_argv                        0x00000000   Number         0  spaceinvaders.o ABSOLUTE
    __Vectors                                0x00000000   Data           0  startup.o(RESET)
    __ARM_exceptions_init                     - Undefined Weak Reference
    __alloca_initialize                       - Undefined Weak Reference
    __cpp_initialize__aeabi_                  - Undefined Weak Reference
    __cxa_finalize                            - Undefined Weak Reference
    __rt_locale                               - Undefined Weak Reference
    __sigvec_lookup                           - Undefined Weak Reference
    _atexit_init                              - Undefined Weak Reference
    _call_atexit_fns                          - Undefined Weak Reference
    _clock_init                               - Undefined Weak Reference
    _fp_trap_init                             - Undefined Weak Reference
    _fp_trap_shutdown                         - Undefined Weak Reference
    _get_lc_collate                           - Undefined Weak Reference
    _get_lc_ctype                             - Undefined Weak Reference
    _get_lc_monetary                          - Undefined Weak Reference
    _get_lc_numeric                           - Undefined Weak Reference
    _get_lc_time                              - Undefined Weak Reference
    _getenv_init                              - Undefined Weak Reference
    _handle_redirection                       - Undefined Weak Reference
    _init_alloc                               - Undefined Weak Reference
    _init_user_alloc                          - Undefined Weak Reference
    _initio                                   - Undefined Weak Reference
    _rand_init                                - Undefined Weak Reference
    _signal_finish                            - Undefined Weak Reference
    _signal_init                              - Undefined Weak Reference
    _terminate_alloc                          - Undefined Weak Reference
    _terminate_user_alloc                     - Undefined Weak Reference
    _terminateio                              - Undefined Weak Reference
    Reset_Handler                            0x0000026d   Thumb Code     0  startup.o(RESET)
    NMI_Handler                              0x00000271   Thumb Code     2  startup.o(RESET)
    HardFault_Handler                        0x00000273   Thumb Code     2  startup.o(RESET)
    MemManage_Handler                        0x00000275   Thumb Code     2  startup.o(RESET)
    BusFault_Handler                         0x00000277   Thumb Code     2  startup.o(RESET)
    UsageFault_Handler                       0x00000279   Thumb Code     2  startup.o(RESET)
    SVC_Handler                              0x0000027b   Thumb Code     2  startup.o(RESET)
    DebugMon_Handler                         0x0000027d   Thumb Code     2  startup.o(RESET)
    PendSV_Handler                           0x0000027f   Thumb Code     2  startup.o(RESET)
    ADC0Seq0_Handler                         0x00000283   Thumb Code     0  startup.o(RESET)
    ADC0Seq1_Handler                         0x00000283   Thumb Code     0  startup.o(RESET)
    ADC0Seq2_Handler                         0x00000283   Thumb Code     0  startup.o(RESET)
    ADC0Seq3_Handler                         0x00000283   Thumb Code     0  startup.o(RESET)
    ADC1Seq0_Handler                         0x00000283   Thumb Code     0  startup.o(RESET)
    ADC1Seq1_Handler                         0x00000283   Thumb Code     0  startup.o(RESET)
    ADC1Seq2_Handler                         0x00000283   Thumb Code     0  startup.o(RESET)
    ADC1Seq3_Handler                         0x00000283   Thumb Code     0  startup.o(RESET)
    CAN0_Handler                             0x00000283   Thumb Code     0  startup.o(RESET)
    CAN1_Handler                             0x00000283   Thumb Code     0  startup.o(RESET)
    CAN2_Handler                             0x00000283   Thumb Code     0  startup.o(RESET)
    Comp0_Handler                            0x00000283   Thumb Code     0  startup.o(RESET)
    Comp1_Handler                            0x00000283   Thumb Code     0  startup.o(RESET)
    Comp2_Handler                            0x00000283   Thumb Code     0  startup.o(RESET)
    Ethernet_Handler                         0x00000283   Thumb Code     0  startup.o(RESET)
    ExtBus_Handler                           0x00000283   Thumb Code     0  startup.o(RESET)
    FPU_Handler                              0x00000283   Thumb Code     0  startup.o(RESET)
    Fan0_Handler                             0x00000283   Thumb Code     0  startup.o(RESET)
    FlashCtl_Handler                         0x00000283   Thumb Code     0  startup.o(RESET)
    GPIOPortA_Handler                        0x00000283   Thumb Code     0  startup.o(RESET)
    GPIOPortB_Handler                        0x00000283   Thumb Code     0  startup.o(RESET)
    GPIOPortC_Handler                        0x00000283   Thumb Code     0  startup.o(RESET)
    GPIOPortD_Handler                        0x00000283   Thumb Code     0  startup.o(RESET)
    GPIOPortE_Handler                        0x00000283   Thumb Code     0  startup.o(RESET)
    GPIOPortF_Handler                        0x00000283   Thumb Code     0  startup.o(RESET)
    GPIOPortG_Handler                        0x00000283   Thumb Code     0  startup.o(RESET)
    GPIOPortH_Handler                        0x00000283   Thumb Code     0  startup.o(RESET)
    GPIOPortJ_Handler                        0x00000283   Thumb Code     0  startup.o(RESET)
    GPIOPortK_Handler                        0x00000283   Thumb Code     0  startup.o(RESET)
    GPIOPortL_Handler                        0x00000283   Thumb Code     0  startup.o(RESET)
    GPIOPortM_Handler                        0x00000283   Thumb Code     0  startup.o(RESET)
    GPIOPortN_Handler                        0x00000283   Thumb Code     0  startup.o(RESET)
    GPIOPortP1_Handler                       0x00000283   Thumb Code     0  startup.o(RESET)
    GPIOPortP2_Handler                       0x00000283   Thumb Code     0  startup.o(RESET)
    GPIOPortP3_Handler                       0x00000283   Thumb Code     0  startup.o(RESET)
    GPIOPortP4_Handler                       0x00000283   Thumb Code     0  startup.o(RESET)
    GPIOPortP5_Handler                       0x00000283   Thumb Code     0  startup.o(RESET)
    GPIOPortP6_Handler                       0x00000283   Thumb Code     0  startup.o(RESET)
    GPIOPortP7_Handler                       0x00000283   Thumb Code     0  startup.o(RESET)
    GPIOPortP_Handler                        0x00000283   Thumb Code     0  startup.o(RESET)
    GPIOPortQ1_Handler                       0x00000283   Thumb Code     0  startup.o(RESET)
    GPIOPortQ2_Handler                       0x00000283   Thumb Code     0  startup.o(RESET)
    GPIOPortQ3_Handler                       0x00000283   Thumb Code     0  startup.o(RESET)
    GPIOPortQ4_Handler                       0x00000283   Thumb Code     0  startup.o(RESET)
    GPIOPortQ5_Handler                       0x00000283   Thumb Code     0  startup.o(RESET)
    GPIOPortQ6_Handler                       0x00000283   Thumb Code     0  startup.o(RESET)
    GPIOPortQ7_Handler                       0x00000283   Thumb Code     0  startup.o(RESET)
    GPIOPortQ_Handler                        0x00000283   Thumb Code     0  startup.o(RESET)
    GPIOPortR_Handler                        0x00000283   Thumb Code     0  startup.o(RESET)
    GPIOPortS_Handler                        0x00000283   Thumb Code     0  startup.o(RESET)
    Hibernate_Handler                        0x00000283   Thumb Code     0  startup.o(RESET)
    I2C0_Handler                             0x00000283   Thumb Code     0  startup.o(RESET)
    I2C1_Handler                             0x00000283   Thumb Code     0  startup.o(RESET)
    I2C2_Handler                             0x00000283   Thumb Code     0  startup.o(RESET)
    I2C3_Handler                             0x00000283   Thumb Code     0  startup.o(RESET)
    I2C4_Handler                             0x00000283   Thumb Code     0  startup.o(RESET)
    I2C5_Handler                             0x00000283   Thumb Code     0  startup.o(RESET)
    I2S0_Handler                             0x00000283   Thumb Code     0  startup.o(RESET)
    LPC0_Handler                             0x00000283   Thumb Code     0  startup.o(RESET)
    PECI0_Handler                            0x00000283   Thumb Code     0  startup.o(RESET)
    PWM0Fault_Handler                        0x00000283   Thumb Code     0  startup.o(RESET)
    PWM0Generator0_Handler                   0x00000283   Thumb Code     0  startup.o(RESET)
    PWM0Generator1_Handler                   0x00000283   Thumb Code     0  startup.o(RESET)
    PWM0Generator2_Handler                   0x00000283   Thumb Code     0  startup.o(RESET)
    PWM0Generator3_Handler                   0x00000283   Thumb Code     0  startup.o(RESET)
    PWM1Fault_Handler                        0x00000283   Thumb Code     0  startup.o(RESET)
    PWM1Generator0_Handler                   0x00000283   Thumb Code     0  startup.o(RESET)
    PWM1Generator1_Handler                   0x00000283   Thumb Code     0  startup.o(RESET)
    PWM1Generator2_Handler                   0x00000283   Thumb Code     0  startup.o(RESET)
    PWM1Generator3_Handler                   0x00000283   Thumb Code     0  startup.o(RESET)
    Quadrature0_Handler                      0x00000283   Thumb Code     0  startup.o(RESET)
    Quadrature1_Handler                      0x00000283   Thumb Code     0  startup.o(RESET)
    Quadrature2_Handler                      0x00000283   Thumb Code     0  startup.o(RESET)
    SSI0_Handler                             0x00000283   Thumb Code     0  startup.o(RESET)
    SSI1_Handler                             0x00000283   Thumb Code     0  startup.o(RESET)
    SSI2_Handler                             0x00000283   Thumb Code     0  startup.o(RESET)
    SSI3_Handler                             0x00000283   Thumb Code     0  startup.o(RESET)
    SysCtl_Handler                           0x00000283   Thumb Code     0  startup.o(RESET)
    Timer0B_Handler                          0x00000283   Thumb Code     0  startup.o(RESET)
    Timer1B_Handler                          0x00000283   Thumb Code     0  startup.o(RESET)
    Timer2A_Handler                          0x00000283   Thumb Code     0  startup.o(RESET)
    Timer2B_Handler                          0x00000283   Thumb Code     0  startup.o(RESET)
    Timer3B_Handler                          0x00000283   Thumb Code     0  startup.o(RESET)
    Timer4B_Handler                          0x00000283   Thumb Code     0  startup.o(RESET)
    Timer5B_Handler                          0x00000283   Thumb Code     0  startup.o(RESET)
    UART0_Handler                            0x00000283   Thumb Code     0  startup.o(RESET)
    UART1_Handler                            0x00000283   Thumb Code     0  startup.o(RESET)
    UART2_Handler                            0x00000283   Thumb Code     0  startup.o(RESET)
    UART3_Handler                            0x00000283   Thumb Code     0  startup.o(RESET)
    UART4_Handler                            0x00000283   Thumb Code     0  startup.o(RESET)
    UART5_Handler                            0x00000283   Thumb Code     0  startup.o(RESET)
    UART6_Handler                            0x00000283   Thumb Code     0  startup.o(RESET)
    UART7_Handler                            0x00000283   Thumb Code     0  startup.o(RESET)
    USB0_Handler                             0x00000283   Thumb Code     0  startup.o(RESET)
    WDT_Handler                              0x00000283   Thumb Code     0  startup.o(RESET)
    WideTimer0A_Handler                      0x00000283   Thumb Code     0  startup.o(RESET)
    WideTimer0B_Handler                      0x00000283   Thumb Code     0  startup.o(RESET)
    WideTimer1A_Handler                      0x00000283   Thumb Code     0  startup.o(RESET)
    WideTimer1B_Handler                      0x00000283   Thumb Code     0  startup.o(RESET)
    WideTimer2A_Handler                      0x00000283   Thumb Code     0  startup.o(RESET)
    WideTimer2B_Handler                      0x00000283   Thumb Code     0  startup.o(RESET)
    WideTimer3A_Handler                      0x00000283   Thumb Code     0  startup.o(RESET)
    WideTimer3B_Handler                      0x00000283   Thumb Code     0  startup.o(RESET)
    WideTimer4A_Handler                      0x00000283   Thumb Code     0  startup.o(RESET)
    WideTimer4B_Handler                      0x00000283   Thumb Code     0  startup.o(RESET)
    WideTimer5A_Handler                      0x00000283   Thumb Code     0  startup.o(RESET)
    WideTimer5B_Handler                      0x00000283   Thumb Code     0  startup.o(RESET)
    uDMA_Error                               0x00000283   Thumb Code     0  startup.o(RESET)
    uDMA_Handler                             0x00000283   Thumb Code     0  startup.o(RESET)
    __main                                   0x00000285   Thumb Code     8  __main.o(!!!main)
    __scatterload                            0x0000028d   Thumb Code     0  __scatter.o(!!!scatter)
    __scatterload_rt2                        0x0000028d   Thumb Code    44  __scatter.o(!!!scatter)
    __scatterload_rt2_thumb_only             0x0000028d   Thumb Code     0  __scatter.o(!!!scatter)
    __scatterload_null                       0x0000029b   Thumb Code     0  __scatter.o(!!!scatter)
    __scatterload_copy                       0x000002c1   Thumb Code    26  __scatter_copy.o(!!handler_copy)
    __scatterload_zeroinit                   0x000002dd   Thumb Code    28  __scatter_zi.o(!!handler_zi)
    __rt_lib_init                            0x000002f9   Thumb Code     0  libinit.o(.ARM.Collect$$libinit$$00000000)
    __rt_lib_init_alloca_1                   0x000002fb   Thumb Code     0  libinit2.o(.ARM.Collect$$libinit$$0000002C)
    __rt_lib_init_argv_1                     0x000002fb   Thumb Code     0  libinit2.o(.ARM.Collect$$libinit$$0000002A)
    __rt_lib_init_atexit_1                   0x000002fb   Thumb Code     0  libinit2.o(.ARM.Collect$$libinit$$00000019)
    __rt_lib_init_clock_1                    0x000002fb   Thumb Code     0  libinit2.o(.ARM.Collect$$libinit$$0000001F)
    __rt_lib_init_cpp_1                      0x000002fb   Thumb Code     0  libinit2.o(.ARM.Collect$$libinit$$00000030)
    __rt_lib_init_exceptions_1               0x000002fb   Thumb Code     0  libinit2.o(.ARM.Collect$$libinit$$0000002E)
    __rt_lib_init_fp_1                       0x000002fb   Thumb Code     0  libinit2.o(.ARM.Collect$$libinit$$00000002)
    __rt_lib_init_fp_trap_1                  0x000002fb   Thumb Code     0  libinit2.o(.ARM.Collect$$libinit$$0000001D)
    __rt_lib_init_getenv_1                   0x000002fb   Thumb Code     0  libinit2.o(.ARM.Collect$$libinit$$00000021)
    __rt_lib_init_heap_1                     0x000002fb   Thumb Code     0  libinit2.o(.ARM.Collect$$libinit$$00000008)
    __rt_lib_init_lc_collate_1               0x000002fb   Thumb Code     0  libinit2.o(.ARM.Collect$$libinit$$0000000F)
    __rt_lib_init_lc_ctype_1                 0x000002fb   Thumb Code     0  libinit2.o(.ARM.Collect$$libinit$$00000011)
    __rt_lib_init_lc_monetary_1              0x000002fb   Thumb Code     0  libinit2.o(.ARM.Collect$$libinit$$00000013)
    __rt_lib_init_lc_numeric_1               0x000002fb   Thumb Code     0  libinit2.o(.ARM.Collect$$libinit$$00000015)
    __rt_lib_init_lc_time_1                  0x000002fb   Thumb Code     0  libinit2.o(.ARM.Collect$$libinit$$00000017)
    __rt_lib_init_rand_1                     0x000002fb   Thumb Code     0  libinit2.o(.ARM.Collect$$libinit$$0000000C)
    __rt_lib_init_return                     0x000002fb   Thumb Code     0  libinit2.o(.ARM.Collect$$libinit$$00000031)
    __rt_lib_init_signal_1                   0x000002fb   Thumb Code     0  libinit2.o(.ARM.Collect$$libinit$$0000001B)
    __rt_lib_init_stdio_1                    0x000002fb   Thumb Code     0  libinit2.o(.ARM.Collect$$libinit$$00000023)
    __rt_lib_init_user_alloc_1               0x000002fb   Thumb Code     0  libinit2.o(.ARM.Collect$$libinit$$0000000A)
    __rt_lib_shutdown                        0x000002fd   Thumb Code     0  libshutdown.o(.ARM.Collect$$libshutdown$$00000000)
    __rt_lib_shutdown_fp_trap_1              0x000002ff   Thumb Code     0  libshutdown2.o(.ARM.Collect$$libshutdown$$00000006)
    __rt_lib_shutdown_heap_1                 0x000002ff   Thumb Code     0  libshutdown2.o(.ARM.Collect$$libshutdown$$0000000E)
    __rt_lib_shutdown_return                 0x000002ff   Thumb Code     0  libshutdown2.o(.ARM.Collect$$libshutdown$$0000000F)
    __rt_lib_shutdown_signal_1               0x000002ff   Thumb Code     0  libshutdown2.o(.ARM.Collect$$libshutdown$$00000009)
    __rt_lib_shutdown_stdio_1                0x000002ff   Thumb Code     0  libshutdown2.o(.ARM.Collect$$libshutdown$$00000003)
    __rt_lib_shutdown_user_alloc_1           0x000002ff   Thumb Code     0  libshutdown2.o(.ARM.Collect$$libshutdown$$0000000B)
    __rt_entry                               0x00000301   Thumb Code     0  rtentry.o(.ARM.Collect$$rtentry$$00000000)
    __rt_entry_presh_1                       0x00000301   Thumb Code     0  rtentry2.o(.ARM.Collect$$rtentry$$00000002)
    __rt_entry_sh                            0x00000301   Thumb Code     0  rtentry4.o(.ARM.Collect$$rtentry$$00000004)
    __rt_entry_li                            0x00000307   Thumb Code     0  rtentry2.o(.ARM.Collect$$rtentry$$0000000A)
    __rt_entry_postsh_1                      0x00000307   Thumb Code     0  rtentry2.o(.ARM.Collect$$rtentry$$00000009)
    __rt_entry_main                          0x0000030b   Thumb Code     0  rtentry2.o(.ARM.Collect$$rtentry$$0000000D)
    __rt_entry_postli_1                      0x0000030b   Thumb Code     0  rtentry2.o(.ARM.Collect$$rtentry$$0000000C)
    __rt_exit                                0x00000313   Thumb Code     0  rtexit.o(.ARM.Collect$$rtexit$$00000000)
    __rt_exit_ls                             0x00000315   Thumb Code     0  rtexit2.o(.ARM.Collect$$rtexit$$00000003)
    __rt_exit_prels_1                        0x00000315   Thumb Code     0  rtexit2.o(.ARM.Collect$$rtexit$$00000002)
    __rt_exit_exit                           0x00000319   Thumb Code     0  rtexit2.o(.ARM.Collect$$rtexit$$00000004)
    DisableInterrupts                        0x00000321   Thumb Code     0  startup.o(.text)
    EnableInterrupts                         0x00000325   Thumb Code     0  startup.o(.text)
    StartCritical                            0x00000329   Thumb Code     0  startup.o(.text)
    EndCritical                              0x00000331   Thumb Code     0  startup.o(.text)
    WaitForInterrupt                         0x00000337   Thumb Code     0  startup.o(.text)
    __user_initial_stackheap                 0x0000033b   Thumb Code     0  startup.o(.text)
    Random_Init                              0x00000351   Thumb Code     0  random.o(.text)
    Random32                                 0x00000357   Thumb Code     2  random.o(.text)
    Random                                   0x00000369   Thumb Code     2  random.o(.text)
    writecommand                             0x0000038d   Thumb Code     0  lcd.o(.text)
    writedata                                0x000003b9   Thumb Code     0  lcd.o(.text)
    LCD_OutDec                               0x000003e5   Thumb Code     0  print.o(.text)
    LCD_OutFix                               0x000004f9   Thumb Code     0  print.o(.text)
    ADC1_Init                                0x00000619   Thumb Code   170  texas.o(.text)
    SetCode                                  0x000006c3   Thumb Code    20  texas.o(.text)
    UART0_Init                               0x000006d7   Thumb Code   162  texas.o(.text)
    SetCourse                                0x00000779   Thumb Code    22  texas.o(.text)
    PLL_Init                                 0x0000078f   Thumb Code   118  texas.o(.text)
    TExaS_Init                               0x00000805   Thumb Code   282  texas.o(.text)
    StopTimer4                               0x0000091f   Thumb Code    16  texas.o(.text)
    StartTimer4                              0x0000092f   Thumb Code    24  texas.o(.text)
    Timer4A_Handler                          0x00000947   Thumb Code    20  texas.o(.text)
    ADC1_In                                  0x0000095b   Thumb Code     6  texas.o(.text)
    Timer5A_Handler                          0x00000961   Thumb Code    34  texas.o(.text)
    TExaS_Stop                               0x00000983   Thumb Code    18  texas.o(.text)
    copy                                     0x00000995   Thumb Code    16  texas.o(.text)
    SetMode                                  0x000009a5   Thumb Code    22  texas.o(.text)
    UART0_InChar                             0x000009bb   Thumb Code    20  texas.o(.text)
    UART0_InCharNonBlocking                  0x000009cf   Thumb Code    22  texas.o(.text)
    UART0_OutChar                            0x000009e5   Thumb Code   200  texas.o(.text)
    UART0_OutCharNonBlock                    0x00000aad   Thumb Code     6  texas.o(.text)
    __use_two_region_memory                  0x00000ab9   Thumb Code     2  heapauxi.o(.text)
    __rt_heap_escrow$2region                 0x00000abb   Thumb Code     2  heapauxi.o(.text)
    __rt_heap_expand$2region                 0x00000abd   Thumb Code     2  heapauxi.o(.text)
    __user_setup_stackheap                   0x00000abf   Thumb Code    74  sys_stackheap_outer.o(.text)
    exit                                     0x00000b09   Thumb Code    12  exit.o(.text)
    __user_libspace                          0x00000b15   Thumb Code     8  libspace.o(.text)
    __user_perproc_libspace                  0x00000b15   Thumb Code     0  libspace.o(.text)
    __user_perthread_libspace                0x00000b15   Thumb Code     0  libspace.o(.text)
    _sys_exit                                0x00000b1d   Thumb Code     8  sys_exit.o(.text)
    __I$use$semihosting                      0x00000b29   Thumb Code     0  use_no_semi.o(.text)
    __use_no_semihosting_swi                 0x00000b29   Thumb Code     2  use_no_semi.o(.text)
    __semihosting_library_function           0x00000b2b   Thumb Code     0  indicate_semi.o(.text)
    ADC_In                                   0x00000b2d   Thumb Code    36  adc.o(i.ADC_In)
    ADC_Init                                 0x00000b59   Thumb Code   240  adc.o(i.ADC_Init)
    Clock_Change                             0x00000c5d   Thumb Code    80  timer1.o(i.Clock_Change)
    DAC_Init                                 0x00000cbd   Thumb Code    90  dac.o(i.DAC_Init)
    DAC_Out                                  0x00000d25   Thumb Code     6  dac.o(i.DAC_Out)
    Dash                                     0x00000d31   Thumb Code    26  spaceinvaders.o(i.Dash)
    Delay1ms                                 0x00000d51   Thumb Code    32  st7735.o(i.Delay1ms)
    Dot                                      0x00000d71   Thumb Code    26  spaceinvaders.o(i.Dot)
    KeypadLevel1                             0x00000d91   Thumb Code  2574  spaceinvaders.o(i.KeypadLevel1)
    MemSet                                   0x000017b1   Thumb Code   314  spaceinvaders.o(i.MemSet)
    MemStage                                 0x00001915   Thumb Code   212  spaceinvaders.o(i.MemStage)
    MemoryLevel1                             0x00001a0d   Thumb Code   558  spaceinvaders.o(i.MemoryLevel1)
    MorseCodeLevel1                          0x00001c4d   Thumb Code  1354  spaceinvaders.o(i.MorseCodeLevel1)
    Output_Clock                             0x000021a5   Thumb Code   788  spaceinvaders.o(i.Output_Clock)
    Output_Init                              0x000024f1   Thumb Code    16  st7735.o(i.Output_Init)
    PlayA                                    0x00002501   Thumb Code    20  spaceinvaders.o(i.PlayA)
    PlayB                                    0x00002515   Thumb Code    52  spaceinvaders.o(i.PlayB)
    PlayC                                    0x00002549   Thumb Code    52  spaceinvaders.o(i.PlayC)
    PlayE                                    0x0000257d   Thumb Code    16  spaceinvaders.o(i.PlayE)
    PlayF                                    0x0000258d   Thumb Code    52  spaceinvaders.o(i.PlayF)
    PlayH                                    0x000025c1   Thumb Code    52  spaceinvaders.o(i.PlayH)
    PlayI                                    0x000025f5   Thumb Code    28  spaceinvaders.o(i.PlayI)
    PlayK                                    0x00002611   Thumb Code    40  spaceinvaders.o(i.PlayK)
    PlayL                                    0x00002639   Thumb Code    52  spaceinvaders.o(i.PlayL)
    PlayM                                    0x0000266d   Thumb Code    28  spaceinvaders.o(i.PlayM)
    PlayO                                    0x00002689   Thumb Code    40  spaceinvaders.o(i.PlayO)
    PlayR                                    0x000026b1   Thumb Code    40  spaceinvaders.o(i.PlayR)
    PlayS                                    0x000026d9   Thumb Code    40  spaceinvaders.o(i.PlayS)
    PlayT                                    0x00002701   Thumb Code    16  spaceinvaders.o(i.PlayT)
    PlayV                                    0x00002711   Thumb Code    52  spaceinvaders.o(i.PlayV)
    PlayX                                    0x00002745   Thumb Code    52  spaceinvaders.o(i.PlayX)
    ST7735_DrawBitmap                        0x00002779   Thumb Code   280  st7735.o(i.ST7735_DrawBitmap)
    ST7735_DrawCharS                         0x00002899   Thumb Code   232  st7735.o(i.ST7735_DrawCharS)
    ST7735_DrawPixel                         0x0000298d   Thumb Code    64  st7735.o(i.ST7735_DrawPixel)
    ST7735_DrawString                        0x000029d5   Thumb Code    86  st7735.o(i.ST7735_DrawString)
    ST7735_FillRect                          0x00002a2d   Thumb Code   164  st7735.o(i.ST7735_FillRect)
    ST7735_FillScreen                        0x00002ad9   Thumb Code    28  st7735.o(i.ST7735_FillScreen)
    ST7735_InitR                             0x00002afd   Thumb Code    90  st7735.o(i.ST7735_InitR)
    ST7735_OutChar                           0x00002b79   Thumb Code   176  st7735.o(i.ST7735_OutChar)
    ST7735_OutString                         0x00002c4d   Thumb Code    24  st7735.o(i.ST7735_OutString)
    ST7735_SetCursor                         0x00002c65   Thumb Code    22  st7735.o(i.ST7735_SetCursor)
    Sound_Init                               0x00002c85   Thumb Code    48  sound.o(i.Sound_Init)
    Sound_Morse                              0x00002cbd   Thumb Code    12  spaceinvaders.o(i.Sound_Morse)
    SysTick_Handler                          0x00002cc9   Thumb Code    38  spaceinvaders.o(i.SysTick_Handler)
    SysTick_Init                             0x00002cf9   Thumb Code    42  spaceinvaders.o(i.SysTick_Init)
    Timer0A_Handler                          0x00002d2d   Thumb Code   186  timer0.o(i.Timer0A_Handler)
    Timer0_Init                              0x00002e09   Thumb Code   180  timer0.o(i.Timer0_Init)
    Timer1A_Handler                          0x00002eed   Thumb Code    62  spaceinvaders.o(i.Timer1A_Handler)
    Timer1_Init                              0x00002f41   Thumb Code    88  timer1.o(i.Timer1_Init)
    Timer3A_Handler                          0x00002fb9   Thumb Code   266  spaceinvaders.o(i.Timer3A_Handler)
    Timer3_Init                              0x000030f5   Thumb Code    70  timer3.o(i.Timer3_Init)
    WiresLevel1                              0x00003151   Thumb Code  2434  spaceinvaders.o(i.WiresLevel1)
    main                                     0x00003cd5   Thumb Code   420  spaceinvaders.o(i.main)
    dBfs                                     0x000045aa   Data         512  st7735.o(.constdata)
    zero                                     0x000047aa   Data         192  images.o(.constdata)
    one                                      0x0000486a   Data         192  images.o(.constdata)
    two                                      0x0000492a   Data         192  images.o(.constdata)
    three                                    0x000049ea   Data         192  images.o(.constdata)
    four                                     0x00004aaa   Data         192  images.o(.constdata)
    five                                     0x00004b6a   Data         192  images.o(.constdata)
    six                                      0x00004c2a   Data         192  images.o(.constdata)
    seven                                    0x00004cea   Data         192  images.o(.constdata)
    eight                                    0x00004daa   Data         192  images.o(.constdata)
    nine                                     0x00004e6a   Data         192  images.o(.constdata)
    BlackLeft                                0x00004f2a   Data        1092  images.o(.constdata)
    BlackRight                               0x0000536e   Data        1092  images.o(.constdata)
    BlueLeft                                 0x000057b2   Data        1092  images.o(.constdata)
    BlueRight                                0x00005bf6   Data        1092  images.o(.constdata)
    collon                                   0x0000603a   Data         110  images.o(.constdata)
    GreenLeft                                0x000060a8   Data        1092  images.o(.constdata)
    GreenRight                               0x000064ec   Data        1092  images.o(.constdata)
    MainScreen                               0x00006930   Data       40960  images.o(.constdata)
    RedLeft                                  0x00010930   Data        1092  images.o(.constdata)
    RedRight                                 0x00010d74   Data        1092  images.o(.constdata)
    scissorsClosed                           0x000111b8   Data         600  images.o(.constdata)
    scissorsOpen                             0x00011410   Data         600  images.o(.constdata)
    WhiteLeft                                0x00011668   Data        1092  images.o(.constdata)
    Selector                                 0x00011aac   Data         600  images.o(.constdata)
    WhiteRight                               0x00011d04   Data        1092  images.o(.constdata)
    YellowLeft                               0x00012148   Data        1092  images.o(.constdata)
    x                                        0x0001258c   Data         800  images.o(.constdata)
    YellowRight                              0x000128ac   Data        1092  images.o(.constdata)
    LED                                      0x00012cf0   Data         128  images.o(.constdata)
    Symbol1                                  0x00012d70   Data        3432  images.o(.constdata)
    Symbol2                                  0x00013ad8   Data        3432  images.o(.constdata)
    Symbol3                                  0x00014840   Data        3432  images.o(.constdata)
    Symbol4                                  0x000155a8   Data        3432  images.o(.constdata)
    Symbol5                                  0x00016310   Data        3432  images.o(.constdata)
    Symbol6                                  0x00017078   Data        3432  images.o(.constdata)
    Symbol7                                  0x00017de0   Data        3432  images.o(.constdata)
    Symbol8                                  0x00018b48   Data        3432  images.o(.constdata)
    Symbol9                                  0x000198b0   Data        3432  images.o(.constdata)
    Symbol10                                 0x0001a618   Data        3432  images.o(.constdata)
    Symbol11                                 0x0001b380   Data        3432  images.o(.constdata)
    Symbol12                                 0x0001c0e8   Data        3432  images.o(.constdata)
    Symbol13                                 0x0001ce50   Data        3432  images.o(.constdata)
    Symbol14                                 0x0001dbb8   Data        3432  images.o(.constdata)
    Symbol15                                 0x0001e920   Data        3432  images.o(.constdata)
    Symbol16                                 0x0001f688   Data        3432  images.o(.constdata)
    Symbol17                                 0x000203f0   Data        3432  images.o(.constdata)
    Symbol18                                 0x00021158   Data        3432  images.o(.constdata)
    Symbol19                                 0x00021ec0   Data        3432  images.o(.constdata)
    Symbol20                                 0x00022c28   Data        3432  images.o(.constdata)
    Symbol21                                 0x00023990   Data        3432  images.o(.constdata)
    MorseSlide                               0x000246f8   Data        4040  images.o(.constdata)
    MorseLCD                                 0x000256c0   Data        1056  images.o(.constdata)
    mem1                                     0x00025ae0   Data         968  images.o(.constdata)
    mem2                                     0x00025ea8   Data         968  images.o(.constdata)
    mem3                                     0x00026270   Data         968  images.o(.constdata)
    mem4                                     0x00026638   Data         968  images.o(.constdata)
    membackground                            0x00026a00   Data       10088  images.o(.constdata)
    membig1                                  0x00029168   Data        7488  images.o(.constdata)
    membig2                                  0x0002aea8   Data        7488  images.o(.constdata)
    membig3                                  0x0002cbe8   Data        7488  images.o(.constdata)
    membig4                                  0x0002e928   Data        7488  images.o(.constdata)
    memindicator                             0x00030668   Data         308  images.o(.constdata)
    ResetScreen                              0x0003079c   Data       33792  images.o(.constdata)
    greyBox                                  0x00038b9c   Data         600  images.o(.constdata)
    InputPortMsg                             0x00038df4   Data          40  texas.o(.constdata)
    OutputPortMsg                            0x00038e1c   Data          40  texas.o(.constdata)
    BlankMsg                                 0x00038e44   Data          40  texas.o(.constdata)
    InitializedMsg                           0x00038e6c   Data          40  texas.o(.constdata)
    IntroMsg                                 0x00038e94   Data          40  texas.o(.constdata)
    DoneMsg                                  0x00038ebc   Data          40  texas.o(.constdata)
    Region$$Table$$Base                      0x00038ee4   Number         0  anon$$obj.o(Region$$Table)
    Region$$Table$$Limit                     0x00038f04   Number         0  anon$$obj.o(Region$$Table)
    SineWave                                 0x20000000   Data          64  dac.o(.data)
    Index                                    0x20000040   Data           1  dac.o(.data)
    yCoordGlobal                             0x20000041   Data           1  timer0.o(.data)
    oneortwo                                 0x20000042   Data           1  timer0.o(.data)
    gameOver                                 0x20000043   Data           1  timer1.o(.data)
    min                                      0x20000044   Data           1  timer1.o(.data)
    tensec                                   0x20000045   Data           1  timer1.o(.data)
    sec                                      0x20000046   Data           1  timer1.o(.data)
    mistakes                                 0x20000048   Data           2  spaceinvaders.o(.data)
    morseLevel                               0x2000004a   Data           2  spaceinvaders.o(.data)
    memArray                                 0x2000004c   Data           8  spaceinvaders.o(.data)
    indicatorPos                             0x20000054   Data           1  spaceinvaders.o(.data)
    memLoop                                  0x20000055   Data           1  spaceinvaders.o(.data)
    a                                        0x20000058   Data           4  spaceinvaders.o(.data)
    b                                        0x2000005c   Data           4  spaceinvaders.o(.data)
    morseCombo                               0x20000060   Data           2  spaceinvaders.o(.data)
    morseInit                                0x20000062   Data           2  spaceinvaders.o(.data)
    answerMorse                              0x20000064   Data           4  spaceinvaders.o(.data)
    bignum                                   0x20000068   Data           2  spaceinvaders.o(.data)
    correctPos                               0x2000006a   Data           1  spaceinvaders.o(.data)
    StX                                      0x2000006c   Data           4  st7735.o(.data)
    StY                                      0x20000070   Data           4  st7735.o(.data)
    StTextColor                              0x20000074   Data           2  st7735.o(.data)
    lastj                                    0x2000007c   Data           4  st7735.o(.data)
    Messageindex                             0x20000084   Data           4  st7735.o(.data)
    Ymax                                     0x20000088   Data           4  st7735.o(.data)
    Ymin                                     0x2000008c   Data           4  st7735.o(.data)
    X                                        0x20000090   Data           4  st7735.o(.data)
    Yrange                                   0x20000094   Data           4  st7735.o(.data)
    TExaS_Period                             0x20000098   Data           4  texas.o(.data)
    TExaS_Ports                              0x2000009c   Data           8  texas.o(.data)
    TExaS_Meter                              0x200000a4   Data           4  texas.o(.data)
    ADCnum                                   0x200000a8   Data           4  texas.o(.data)
    LastMode                                 0x200000ac   Data           4  texas.o(.data)
    bFlag                                    0x200000b0   Data           4  texas.o(.data)
    Count                                    0x200000b4   Data           4  texas.o(.data)
    DelayBetweenTests                        0x200000b8   Data           4  texas.o(.data)
    TExaS_Test                               0x200000bc   Data           4  texas.o(.data)
    ScopeMode                                0x200000c0   Data           4  texas.o(.data)
    ScopeCount                               0x200000c4   Data           4  texas.o(.data)
    TExaS                                    0x200000d0   Data          56  texas.o(.bss)
    __libspace_start                         0x20000108   Data          96  libspace.o(.bss)
    __temporary_stack_top$libspace           0x20000168   Data           0  libspace.o(.bss)



==============================================================================

Memory Map of the image

  Image Entry point : 0x0000026d

  Load Region LR_1 (Base: 0x00000000, Size: 0x00038fd0, Max: 0xffffffff, ABSOLUTE)

    Execution Region ER_RO (Base: 0x00000000, Size: 0x00038f04, Max: 0xffffffff, ABSOLUTE)

    Base Addr    Size         Type   Attr      Idx    E Section Name        Object

    0x00000000   0x00000284   Code   RO            3  * RESET               startup.o
    0x00000284   0x00000008   Code   RO          710  * !!!main             c_w.l(__main.o)
    0x0000028c   0x00000034   Code   RO          864    !!!scatter          c_w.l(__scatter.o)
    0x000002c0   0x0000001a   Code   RO          866    !!handler_copy      c_w.l(__scatter_copy.o)
    0x000002da   0x00000002   PAD
    0x000002dc   0x0000001c   Code   RO          868    !!handler_zi        c_w.l(__scatter_zi.o)
    0x000002f8   0x00000002   Code   RO          737    .ARM.Collect$$libinit$$00000000  c_w.l(libinit.o)
    0x000002fa   0x00000000   Code   RO          744    .ARM.Collect$$libinit$$00000002  c_w.l(libinit2.o)
    0x000002fa   0x00000000   Code   RO          747    .ARM.Collect$$libinit$$00000008  c_w.l(libinit2.o)
    0x000002fa   0x00000000   Code   RO          749    .ARM.Collect$$libinit$$0000000A  c_w.l(libinit2.o)
    0x000002fa   0x00000000   Code   RO          751    .ARM.Collect$$libinit$$0000000C  c_w.l(libinit2.o)
    0x000002fa   0x00000000   Code   RO          754    .ARM.Collect$$libinit$$0000000F  c_w.l(libinit2.o)
    0x000002fa   0x00000000   Code   RO          756    .ARM.Collect$$libinit$$00000011  c_w.l(libinit2.o)
    0x000002fa   0x00000000   Code   RO          758    .ARM.Collect$$libinit$$00000013  c_w.l(libinit2.o)
    0x000002fa   0x00000000   Code   RO          760    .ARM.Collect$$libinit$$00000015  c_w.l(libinit2.o)
    0x000002fa   0x00000000   Code   RO          762    .ARM.Collect$$libinit$$00000017  c_w.l(libinit2.o)
    0x000002fa   0x00000000   Code   RO          764    .ARM.Collect$$libinit$$00000019  c_w.l(libinit2.o)
    0x000002fa   0x00000000   Code   RO          766    .ARM.Collect$$libinit$$0000001B  c_w.l(libinit2.o)
    0x000002fa   0x00000000   Code   RO          768    .ARM.Collect$$libinit$$0000001D  c_w.l(libinit2.o)
    0x000002fa   0x00000000   Code   RO          770    .ARM.Collect$$libinit$$0000001F  c_w.l(libinit2.o)
    0x000002fa   0x00000000   Code   RO          772    .ARM.Collect$$libinit$$00000021  c_w.l(libinit2.o)
    0x000002fa   0x00000000   Code   RO          774    .ARM.Collect$$libinit$$00000023  c_w.l(libinit2.o)
    0x000002fa   0x00000000   Code   RO          778    .ARM.Collect$$libinit$$0000002A  c_w.l(libinit2.o)
    0x000002fa   0x00000000   Code   RO          780    .ARM.Collect$$libinit$$0000002C  c_w.l(libinit2.o)
    0x000002fa   0x00000000   Code   RO          782    .ARM.Collect$$libinit$$0000002E  c_w.l(libinit2.o)
    0x000002fa   0x00000000   Code   RO          784    .ARM.Collect$$libinit$$00000030  c_w.l(libinit2.o)
    0x000002fa   0x00000002   Code   RO          785    .ARM.Collect$$libinit$$00000031  c_w.l(libinit2.o)
    0x000002fc   0x00000002   Code   RO          805    .ARM.Collect$$libshutdown$$00000000  c_w.l(libshutdown.o)
    0x000002fe   0x00000000   Code   RO          819    .ARM.Collect$$libshutdown$$00000003  c_w.l(libshutdown2.o)
    0x000002fe   0x00000000   Code   RO          822    .ARM.Collect$$libshutdown$$00000006  c_w.l(libshutdown2.o)
    0x000002fe   0x00000000   Code   RO          825    .ARM.Collect$$libshutdown$$00000009  c_w.l(libshutdown2.o)
    0x000002fe   0x00000000   Code   RO          827    .ARM.Collect$$libshutdown$$0000000B  c_w.l(libshutdown2.o)
    0x000002fe   0x00000000   Code   RO          830    .ARM.Collect$$libshutdown$$0000000E  c_w.l(libshutdown2.o)
    0x000002fe   0x00000002   Code   RO          831    .ARM.Collect$$libshutdown$$0000000F  c_w.l(libshutdown2.o)
    0x00000300   0x00000000   Code   RO          712    .ARM.Collect$$rtentry$$00000000  c_w.l(rtentry.o)
    0x00000300   0x00000000   Code   RO          714    .ARM.Collect$$rtentry$$00000002  c_w.l(rtentry2.o)
    0x00000300   0x00000006   Code   RO          726    .ARM.Collect$$rtentry$$00000004  c_w.l(rtentry4.o)
    0x00000306   0x00000000   Code   RO          716    .ARM.Collect$$rtentry$$00000009  c_w.l(rtentry2.o)
    0x00000306   0x00000004   Code   RO          717    .ARM.Collect$$rtentry$$0000000A  c_w.l(rtentry2.o)
    0x0000030a   0x00000000   Code   RO          719    .ARM.Collect$$rtentry$$0000000C  c_w.l(rtentry2.o)
    0x0000030a   0x00000008   Code   RO          720    .ARM.Collect$$rtentry$$0000000D  c_w.l(rtentry2.o)
    0x00000312   0x00000002   Code   RO          741    .ARM.Collect$$rtexit$$00000000  c_w.l(rtexit.o)
    0x00000314   0x00000000   Code   RO          787    .ARM.Collect$$rtexit$$00000002  c_w.l(rtexit2.o)
    0x00000314   0x00000004   Code   RO          788    .ARM.Collect$$rtexit$$00000003  c_w.l(rtexit2.o)
    0x00000318   0x00000006   Code   RO          789    .ARM.Collect$$rtexit$$00000004  c_w.l(rtexit2.o)
    0x0000031e   0x00000002   PAD
    0x00000320   0x00000030   Code   RO            4    .text               startup.o
    0x00000350   0x0000003c   Code   RO           13    .text               random.o
    0x0000038c   0x00000058   Code   RO          185    .text               lcd.o
    0x000003e4   0x00000234   Code   RO          188    .text               print.o
    0x00000618   0x000004a0   Code   RO          689    .text               texas.o
    0x00000ab8   0x00000006   Code   RO          708    .text               c_w.l(heapauxi.o)
    0x00000abe   0x0000004a   Code   RO          728    .text               c_w.l(sys_stackheap_outer.o)
    0x00000b08   0x0000000c   Code   RO          730    .text               c_w.l(exit.o)
    0x00000b14   0x00000008   Code   RO          738    .text               c_w.l(libspace.o)
    0x00000b1c   0x0000000c   Code   RO          797    .text               c_w.l(sys_exit.o)
    0x00000b28   0x00000002   Code   RO          808    .text               c_w.l(use_no_semi.o)
    0x00000b2a   0x00000000   Code   RO          810    .text               c_w.l(indicate_semi.o)
    0x00000b2a   0x00000002   PAD
    0x00000b2c   0x0000002c   Code   RO           44    i.ADC_In            adc.o
    0x00000b58   0x00000104   Code   RO           45    i.ADC_Init          adc.o
    0x00000c5c   0x00000060   Code   RO           94    i.Clock_Change      timer1.o
    0x00000cbc   0x00000068   Code   RO           16    i.DAC_Init          dac.o
    0x00000d24   0x0000000c   Code   RO           17    i.DAC_Out           dac.o
    0x00000d30   0x00000020   Code   RO          191    i.Dash              spaceinvaders.o
    0x00000d50   0x00000020   Code   RO          398    i.Delay1ms          st7735.o
    0x00000d70   0x00000020   Code   RO          192    i.Dot               spaceinvaders.o
    0x00000d90   0x00000a20   Code   RO          193    i.KeypadLevel1      spaceinvaders.o
    0x000017b0   0x00000164   Code   RO          194    i.MemSet            spaceinvaders.o
    0x00001914   0x000000f8   Code   RO          195    i.MemStage          spaceinvaders.o
    0x00001a0c   0x00000240   Code   RO          196    i.MemoryLevel1      spaceinvaders.o
    0x00001c4c   0x00000558   Code   RO          197    i.MorseCodeLevel1   spaceinvaders.o
    0x000021a4   0x0000034c   Code   RO          198    i.Output_Clock      spaceinvaders.o
    0x000024f0   0x00000010   Code   RO          401    i.Output_Init       st7735.o
    0x00002500   0x00000014   Code   RO          199    i.PlayA             spaceinvaders.o
    0x00002514   0x00000034   Code   RO          200    i.PlayB             spaceinvaders.o
    0x00002548   0x00000034   Code   RO          201    i.PlayC             spaceinvaders.o
    0x0000257c   0x00000010   Code   RO          202    i.PlayE             spaceinvaders.o
    0x0000258c   0x00000034   Code   RO          203    i.PlayF             spaceinvaders.o
    0x000025c0   0x00000034   Code   RO          204    i.PlayH             spaceinvaders.o
    0x000025f4   0x0000001c   Code   RO          205    i.PlayI             spaceinvaders.o
    0x00002610   0x00000028   Code   RO          206    i.PlayK             spaceinvaders.o
    0x00002638   0x00000034   Code   RO          207    i.PlayL             spaceinvaders.o
    0x0000266c   0x0000001c   Code   RO          208    i.PlayM             spaceinvaders.o
    0x00002688   0x00000028   Code   RO          209    i.PlayO             spaceinvaders.o
    0x000026b0   0x00000028   Code   RO          210    i.PlayR             spaceinvaders.o
    0x000026d8   0x00000028   Code   RO          211    i.PlayS             spaceinvaders.o
    0x00002700   0x00000010   Code   RO          212    i.PlayT             spaceinvaders.o
    0x00002710   0x00000034   Code   RO          213    i.PlayV             spaceinvaders.o
    0x00002744   0x00000034   Code   RO          214    i.PlayX             spaceinvaders.o
    0x00002778   0x00000120   Code   RO          405    i.ST7735_DrawBitmap  st7735.o
    0x00002898   0x000000f4   Code   RO          407    i.ST7735_DrawCharS  st7735.o
    0x0000298c   0x00000048   Code   RO          410    i.ST7735_DrawPixel  st7735.o
    0x000029d4   0x00000056   Code   RO          411    i.ST7735_DrawString  st7735.o
    0x00002a2a   0x00000002   PAD
    0x00002a2c   0x000000ac   Code   RO          412    i.ST7735_FillRect   st7735.o
    0x00002ad8   0x00000024   Code   RO          413    i.ST7735_FillScreen  st7735.o
    0x00002afc   0x0000007c   Code   RO          415    i.ST7735_InitR      st7735.o
    0x00002b78   0x000000d4   Code   RO          417    i.ST7735_OutChar    st7735.o
    0x00002c4c   0x00000018   Code   RO          418    i.ST7735_OutString  st7735.o
    0x00002c64   0x00000020   Code   RO          428    i.ST7735_SetCursor  st7735.o
    0x00002c84   0x00000038   Code   RO          121    i.Sound_Init        sound.o
    0x00002cbc   0x0000000c   Code   RO          215    i.Sound_Morse       spaceinvaders.o
    0x00002cc8   0x00000030   Code   RO          216    i.SysTick_Handler   spaceinvaders.o
    0x00002cf8   0x00000034   Code   RO          217    i.SysTick_Init      spaceinvaders.o
    0x00002d2c   0x000000dc   Code   RO           68    i.Timer0A_Handler   timer0.o
    0x00002e08   0x000000e4   Code   RO           69    i.Timer0_Init       timer0.o
    0x00002eec   0x00000054   Code   RO          218    i.Timer1A_Handler   spaceinvaders.o
    0x00002f40   0x00000078   Code   RO           95    i.Timer1_Init       timer1.o
    0x00002fb8   0x0000013c   Code   RO          219    i.Timer3A_Handler   spaceinvaders.o
    0x000030f4   0x0000005c   Code   RO          677    i.Timer3_Init       timer3.o
    0x00003150   0x000009a8   Code   RO          220    i.WiresLevel1       spaceinvaders.o
    0x00003af8   0x00000056   Code   RO          432    i.commandList       st7735.o
    0x00003b4e   0x00000002   PAD
    0x00003b50   0x00000184   Code   RO          433    i.commonInit        st7735.o
    0x00003cd4   0x00000224   Code   RO          221    i.main              spaceinvaders.o
    0x00003ef8   0x00000012   Code   RO          438    i.pushColor         st7735.o
    0x00003f0a   0x00000002   PAD
    0x00003f0c   0x00000074   Code   RO          439    i.setAddrWindow     st7735.o
    0x00003f80   0x00000048   Data   RO          222    .constdata          spaceinvaders.o
    0x00003fc8   0x000007e2   Data   RO          441    .constdata          st7735.o
    0x000047aa   0x0003464a   Data   RO          661    .constdata          images.o
    0x00038df4   0x000000f0   Data   RO          691    .constdata          texas.o
    0x00038ee4   0x00000020   Data   RO          862    Region$$Table       anon$$obj.o


    Execution Region ER_RW (Base: 0x20000000, Size: 0x000000cc, Max: 0xffffffff, ABSOLUTE)

    Base Addr    Size         Type   Attr      Idx    E Section Name        Object

    0x20000000   0x00000041   Data   RW           18    .data               dac.o
    0x20000041   0x00000002   Data   RW           70    .data               timer0.o
    0x20000043   0x00000004   Data   RW           96    .data               timer1.o
    0x20000047   0x00000001   PAD
    0x20000048   0x00000023   Data   RW          223    .data               spaceinvaders.o
    0x2000006b   0x00000001   PAD
    0x2000006c   0x0000002c   Data   RW          442    .data               st7735.o
    0x20000098   0x00000030   Data   RW          692    .data               texas.o
    0x200000c8   0x00000004   Data   RW           12    DATA                random.o


    Execution Region ER_ZI (Base: 0x200000cc, Size: 0x0000049c, Max: 0xffffffff, ABSOLUTE)

    Base Addr    Size         Type   Attr      Idx    E Section Name        Object

    0x200000cc   0x00000004   PAD
    0x200000d0   0x00000038   Zero   RW          690    .bss                texas.o
    0x20000108   0x00000060   Zero   RW          739    .bss                c_w.l(libspace.o)
    0x20000168   0x00000000   Zero   RW            2    HEAP                startup.o
    0x20000168   0x00000400   Zero   RW            1    STACK               startup.o


==============================================================================

Image component sizes


      Code (inc. data)   RO Data    RW Data    ZI Data      Debug   Object Name

       304         28          0          0          0        988   adc.o
       116         20          0         65          0       5474   dac.o
         0          0     214602          0          0       3054   images.o
        88         12          0          0          0        208   lcd.o
       564          0          0          0          0        380   print.o
        60         14          0          4          0        200   random.o
        56          8          0          0          0        389   sound.o
     10212        736         72         35          0      20959   spaceinvaders.o
      1946        182       2018         44          0      12224   st7735.o
       692        632          0          0       1024        908   startup.o
      1184        188        240         48         56      14668   texas.o
       448         82          0          2          0       1656   timer0.o
       216         48          0          4          0       1039   timer1.o
        92         22          0          0          0        382   timer3.o

    ----------------------------------------------------------------------
     15984       1972     216964        204       1084      62529   Object Totals
         0          0         32          0          0          0   (incl. Generated)
         6          0          0          2          4          0   (incl. Padding)

    ----------------------------------------------------------------------

      Code (inc. data)   RO Data    RW Data    ZI Data      Debug   Library Member Name

         8          0          0          0          0         68   __main.o
        52          8          0          0          0          0   __scatter.o
        26          0          0          0          0          0   __scatter_copy.o
        28          0          0          0          0          0   __scatter_zi.o
        12          0          0          0          0         72   exit.o
         6          0          0          0          0        152   heapauxi.o
         0          0          0          0          0          0   indicate_semi.o
         2          0          0          0          0          0   libinit.o
         2          0          0          0          0          0   libinit2.o
         2          0          0          0          0          0   libshutdown.o
         2          0          0          0          0          0   libshutdown2.o
         8          4          0          0         96         68   libspace.o
         0          0          0          0          0          0   rtentry.o
        12          0          0          0          0          0   rtentry2.o
         6          0          0          0          0          0   rtentry4.o
         2          0          0          0          0          0   rtexit.o
        10          0          0          0          0          0   rtexit2.o
        12          4          0          0          0         68   sys_exit.o
        74          0          0          0          0         80   sys_stackheap_outer.o
         2          0          0          0          0         68   use_no_semi.o

    ----------------------------------------------------------------------
       272         16          0          0         96        576   Library Totals
         6          0          0          0          0          0   (incl. Padding)

    ----------------------------------------------------------------------

      Code (inc. data)   RO Data    RW Data    ZI Data      Debug   Library Name

       266         16          0          0         96        576   c_w.l

    ----------------------------------------------------------------------
       272         16          0          0         96        576   Library Totals

    ----------------------------------------------------------------------

==============================================================================


      Code (inc. data)   RO Data    RW Data    ZI Data      Debug   

     16256       1988     216964        204       1180      59829   Grand Totals
     16256       1988     216964        204       1180      59829   ELF Image Totals
     16256       1988     216964        204          0          0   ROM Totals

==============================================================================

    Total RO  Size (Code + RO Data)               233220 ( 227.75kB)
    Total RW  Size (RW Data + ZI Data)              1384 (   1.35kB)
    Total ROM Size (Code + RO Data + RW Data)     233424 ( 227.95kB)

==============================================================================

