<html>
<body>
<pre>
<h1>µVision Build Log</h1>
<h2>Project:</h2>
C:\Users\Trae\Documents\GitHub\lab10-zach-and-elgin-s\SpaceInvaders.uvproj
Project File Date:  05/03/2017

<h2>Output:</h2>
Rebuild target 'SpaceInvaders'
assembling startup.s...
assembling random.s...
compiling DAC.c...
compiling ADC.c...
ADC.c(15): warning:  #550-D: variable "delay" was set but never used
        unsigned long delay;
ADC.c: 1 warning, 0 errors
compiling Timer0.c...
compiling Timer1.c...
compiling Sound.c...
assembling LCD.s...
assembling Print.s...
compiling SpaceInvaders.c...
SpaceInvaders.c(76): warning:  #177-D: variable "memInput" was declared but never referenced
        uint16_t memInput;
SpaceInvaders.c(78): warning:  #177-D: variable "completedMem" was declared but never referenced
        uint16_t completedMem;
SpaceInvaders.c(618): warning:  #550-D: variable "symbolInput" was set but never used
        uint16_t symbolInput;
SpaceInvaders.c(943): warning:  #550-D: variable "pos3" was set but never used
        uint8_t pos3;
SpaceInvaders.c(944): warning:  #550-D: variable "pos4" was set but never used
        uint8_t pos4;
SpaceInvaders.c(1521): warning:  #128-D: loop is not reachable
        for(int i=6;i<10;i++){
SpaceInvaders.c: 6 warnings, 0 errors
compiling ST7735.c...
compiling Images.c...
compiling Morse.c...
compiling Timer3.c...
linking...
Program Size: Code=16256 RO-data=216964 RW-data=204 ZI-data=1180  
".\SpaceInvaders.axf" - 0 Error(s), 7 Warning(s).
Load "C:\\Users\\Trae\\Documents\\GitHub\\lab10-zach-and-elgin-s\\SpaceInvaders.axf" 
Connecting: Mode=JTAG, Speed=1000000Hz
Erase Done.
Programming Done.
Verify OK.
</pre>
</body>
</html>
